CLIB_FOPEN_MAX                  = $FFFFFFFF ; L crt0_base
ASMDISP_STRREV                  = $0000 ; G strrev
CLIB_EXIT_STACK_SIZE            = $0000 ; L crt0_base
CLIB_MALLOC_HEAP_SIZE           = $0000 ; L crt0_base
CLIB_STDIO_HEAP_SIZE            = $0000 ; L crt0_base
CRT_ENABLE_CLOSE                = $0000 ; L crt0_base
CRT_Z88_BADPAGES                = $0000 ; L crt0_base
CRT_Z88_EXPANDED                = $0000 ; L crt0_base
FONT                            = $0000 ; L fzx_putc
CRT_ENABLE_RESTART              = $0001 ; L crt0_base
DEFINED_CLIB_EXIT_STACK_SIZE    = $0001 ; L crt0_base
DEFINED_CLIB_FOPEN_MAX          = $0001 ; L crt0_base
DEFINED_CLIB_MALLOC_HEAP_SIZE   = $0001 ; L crt0_base
DEFINED_CLIB_STDIO_HEAP_SIZE    = $0001 ; L crt0_base
DEFINED_CRT_ENABLE_CLOSE        = $0001 ; L crt0_base
DEFINED_CRT_ENABLE_RESTART      = $0001 ; L crt0_base
DEFINED_CRT_Z88_BADPAGES        = $0001 ; L crt0_base
DEFINED_CRT_Z88_EXPANDED        = $0001 ; L crt0_base
DEFINED_STACKPTR                = $0001 ; L crt0_base
DEFINED_startup                 = $0001 ; L crt0_base
NEED_floatpack                  = $0001 ; L crt0_base
startup                         = $0001 ; L crt0_base
MARGIN                          = $0002 ; L fzx_putc
P_FLAG                          = $0003 ; L fzx_putc
ASMDISP_MEMSET_CALLEE           = $0004 ; G memset_callee
ASMDISP_STRNCMP_CALLEE          = $0004 ; G strncmp_callee
L_DIVENTRY                      = $0004 ; G l_div_u
P_COL                           = $0004 ; L fzx_putc
ASMDISP_ITOA_CALLEE             = $0005 ; G itoa_callee
ASMDISP_UTOA_CALLEE             = $0005 ; G utoa_callee
LIBDISP_ITOA_CALLEE             = $0024 ; G itoa_callee
__code_clib_size                = $00F8 ; G 
__code_crt0_sccz80_size         = $0169 ; G 
__bss_compiler_size             = $017B ; G 
__data_compiler_size            = $0652 ; G 
__rodata_compiler_size          = $0EBC ; G 
__code_compiler_size            = $2D98 ; G 
__size                          = $4FE2 ; G 
STACKPTR                        = $5E88 ; L crt0_base
__head                          = $5E88 ; G 
zx_saddrpdown                   = $5E9B ; G zx_saddrpdown
_fzx                            = $5EB1 ; G _fzx
fzx_putc                        = $5EB7 ; G fzx_putc
asm_fzx_putc                    = $5EB8 ; G fzx_putc
get_lin                         = $5EC1 ; L fzx_putc
get_col                         = $5EC2 ; L fzx_putc
chk_at                          = $5EC7 ; L fzx_putc
chk_cr                          = $5ED0 ; L fzx_putc
chk_char                        = $5EE0 ; L fzx_putc
undef_char                      = $5EEA ; L fzx_putc
print_char                      = $5EEC ; L fzx_putc
narrow_char                     = $5F1D ; L fzx_putc
off_screen                      = $5F33 ; L fzx_putc
on_screen                       = $5F34 ; L fzx_putc
x_fine                          = $5F3C ; L fzx_putc
main_loop                       = $5F54 ; L fzx_putc
SMC                             = $5F56 ; L fzx_putc
rotate_pixels                   = $5F5F ; L fzx_putc
no_rotate                       = $5F66 ; L fzx_putc
chk_loop                        = $5F75 ; L fzx_putc
WIDTH1                          = $5F7F ; L fzx_putc
exit                            = $5F88 ; L fzx_putc
newline                         = $5F8C ; L fzx_putc
error_onc                       = $5F97 ; G error_onc
error_zc                        = $5F9F ; G error_zc
asm_fzx_puts                    = $5FA4 ; G fzx_puts
fzx_puts                        = $5FA4 ; G fzx_puts
loop                            = $5FA8 ; L fzx_puts
zx_pxy2saddr                    = $5FB6 ; G zx_pxy2saddr
_ff_utz_Handpress               = $5FD6 ; G _ff_utz_Handpress
_ff_utz_ShadowFlower            = $6363 ; G _ff_utz_ShadowFlower
dzx7AgileRCS_callee             = $670A ; G dzx7AgileRCS_callee
asm_dzx7AgileRCS                = $670D ; G dzx7AgileRCS_callee
dzx7_agilercs                   = $670D ; L dzx7AgileRCS_callee
dzx7a_copy_byte_loop1           = $670F ; L dzx7AgileRCS_callee
dzx7a_main_loop1                = $6713 ; L dzx7AgileRCS_callee
dzx7a_copy_byte_loop            = $671C ; L dzx7AgileRCS_callee
dzx7a_main_loop                 = $671E ; L dzx7AgileRCS_callee
dzx7a_len_size_start            = $6724 ; L dzx7AgileRCS_callee
dzx7a_len_size_loop             = $6729 ; L dzx7AgileRCS_callee
dzx7a_len_value_loop            = $6733 ; L dzx7AgileRCS_callee
dzx7a_len_value_start           = $673D ; L dzx7AgileRCS_callee
dzx7a_offset_end                = $6761 ; L dzx7AgileRCS_callee
dzx7a_copy_bytes                = $6775 ; L dzx7AgileRCS_callee
dzx7a_load_bits                 = $6786 ; L dzx7AgileRCS_callee
dzx7a_copy_byte                 = $678A ; L dzx7AgileRCS_callee
dzx7a_exit                      = $6790 ; L dzx7AgileRCS_callee
dzx7a_convert                   = $6793 ; L dzx7AgileRCS_callee
stdio_error_zc                  = $67A4 ; G stdio_error_zc
stdio_basechar                  = $67A9 ; G stdio_basechar
stdio_atou                      = $67CD ; G stdio_atou
loop                            = $67D1 ; L stdio_atou
__code_compiler_head            = $67E8 ; G 
_setRAMPage                     = $67E8 ; G X__libgfx_libgfx
_setRAMBack                     = $67FD ; G X__libgfx_libgfx
_drawVline                      = $680D ; G X__libgfx_libgfx
_drawHline                      = $680E ; G X__libgfx_libgfx
_drawline                       = $680F ; G X__libgfx_libgfx
_scrollArriba                   = $6810 ; G X__libgfx_libgfx
SA1start                        = $681C ; L X__libgfx_libgfx
SA1loops                        = $684B ; L X__libgfx_libgfx
SA1loop                         = $684D ; L X__libgfx_libgfx
notfillzero                     = $6857 ; L X__libgfx_libgfx
nextscan                        = $6864 ; L X__libgfx_libgfx
nextrow                         = $686D ; L X__libgfx_libgfx
_drawRectangle                  = $687E ; G X__libgfx_libgfx
_clsScreen                      = $687F ; G X__libgfx_libgfx
i_4                             = $6886 ; L X__libgfx_libgfx
i_5                             = $6894 ; L X__libgfx_libgfx
inicio                          = $689F ; L X__libgfx_libgfx
i_6                             = $68D5 ; L X__libgfx_libgfx
inicio2                         = $68E0 ; L X__libgfx_libgfx
fin                             = $6912 ; L X__libgfx_libgfx
i_3                             = $6913 ; L X__libgfx_libgfx
_drawGFX                        = $6917 ; G X__libgfx_libgfx
Wait_For_Keys_Pressed           = $6918 ; L X__libgfx_libgfx
_waitForAnyKey                  = $6918 ; G X__libgfx_libgfx
Wait_For_Keys_NotPressed        = $6921 ; L X__libgfx_libgfx
_waitForNoKey                   = $6921 ; G X__libgfx_libgfx
Read_Keyboard                   = $692A ; L X__libgfx_libgfx
_getKey                         = $692A ; G X__libgfx_libgfx
Read_Keyboard_0                 = $6934 ; L X__libgfx_libgfx
Read_Keyboard_1                 = $693C ; L X__libgfx_libgfx
nokey                           = $694A ; L X__libgfx_libgfx
Read_Keyboard_2                 = $6954 ; L X__libgfx_libgfx
Return_Keyboard                 = $6961 ; L X__libgfx_libgfx
Keyboard_Map                    = $6965 ; L X__libgfx_libgfx
_clearchar                      = $6996 ; G X__libgfx_libgfx
i_7                             = $69F2 ; L X__libgfx_libgfx
i_9                             = $69FB ; L X__libgfx_libgfx
i_8                             = $6A23 ; L X__libgfx_libgfx
_clear_screen                   = $6A37 ; G X__libgfx_libgfx
_putpixel                       = $6A61 ; G X__libgfx_libgfx
_initParser                     = $6A62 ; G parser
i_18                            = $6AC8 ; L parser
i_21                            = $6B28 ; L parser
i_20                            = $6B30 ; L parser
i_19                            = $6B33 ; L parser
i_23                            = $6B3A ; L parser
i_24                            = $6B74 ; L parser
i_25                            = $6B7B ; L parser
i_26                            = $6B98 ; L parser
_ParserLoop                     = $6BB0 ; G parser
i_27                            = $6BB2 ; L parser
i_31                            = $6C52 ; L parser
i_33                            = $6C6B ; L parser
i_35                            = $6C74 ; L parser
i_37                            = $6CC2 ; L parser
i_38_i_37                       = $6CC5 ; L parser
i_36                            = $6CE3 ; L parser
i_34                            = $6CE6 ; L parser
i_32                            = $6CE9 ; L parser
i_30                            = $6D0B ; L parser
i_29                            = $6D11 ; L parser
i_39                            = $6D11 ; L parser
i_41                            = $6D3C ; L parser
i_40                            = $6D42 ; L parser
i_42                            = $6D45 ; L parser
i_28                            = $6D48 ; L parser
_parse                          = $6D4B ; G parser
i_43                            = $6DA6 ; L parser
i_46                            = $6DC9 ; L parser
i_47_i_46                       = $6DCC ; L parser
i_45                            = $6DD3 ; L parser
i_49                            = $6DF1 ; L parser
i_51                            = $6DFA ; L parser
i_52_i_51                       = $6DFD ; L parser
i_55                            = $6E43 ; L parser
i_56_i_55                       = $6E46 ; L parser
i_54                            = $6E5D ; L parser
i_59                            = $6E6D ; L parser
i_61                            = $6E8B ; L parser
i_62_i_61                       = $6E8E ; L parser
i_64                            = $6EA8 ; L parser
i_65_i_64                       = $6EAB ; L parser
i_63                            = $6EBC ; L parser
i_67                            = $6EDA ; L parser
i_66                            = $6EEE ; L parser
i_68                            = $6EEE ; L parser
i_58                            = $6EF1 ; L parser
i_71                            = $6F17 ; L parser
i_72_i_71                       = $6F1A ; L parser
i_73                            = $6F38 ; L parser
i_74                            = $6F46 ; L parser
i_70                            = $6F49 ; L parser
i_77                            = $6F6F ; L parser
i_78_i_77                       = $6F72 ; L parser
i_76                            = $6F89 ; L parser
i_81                            = $6FAF ; L parser
i_82_i_81                       = $6FB2 ; L parser
i_57                            = $6FC6 ; L parser
i_69                            = $6FC6 ; L parser
i_75                            = $6FC6 ; L parser
i_79                            = $6FC6 ; L parser
i_80                            = $6FC6 ; L parser
i_53                            = $6FC9 ; L parser
i_85                            = $6FE9 ; L parser
i_86_i_85                       = $6FEC ; L parser
i_84                            = $7003 ; L parser
i_88                            = $7022 ; L parser
i_48                            = $703E ; L parser
i_83                            = $703E ; L parser
i_87                            = $703E ; L parser
i_89                            = $703E ; L parser
i_90                            = $703E ; L parser
i_92                            = $7051 ; L parser
i_93_i_92                       = $7054 ; L parser
i_91                            = $705A ; L parser
i_94                            = $708D ; L parser
i_95                            = $708D ; L parser
i_97                            = $709C ; L parser
i_96                            = $70A2 ; L parser
i_44                            = $70C0 ; L parser
_debugger                       = $70C4 ; G parser
i_101                           = $70C9 ; L parser
i_102                           = $7106 ; L parser
i_103                           = $7109 ; L parser
i_104                           = $711B ; L parser
i_105                           = $7126 ; L parser
i_106                           = $7144 ; L parser
i_107                           = $7177 ; L parser
i_108                           = $7190 ; L parser
i_109                           = $71A4 ; L parser
i_110                           = $71CE ; L parser
i_111                           = $71D4 ; L parser
i_112                           = $71D7 ; L parser
i_113                           = $71F6 ; L parser
i_114                           = $7215 ; L parser
i_115                           = $725A ; L parser
i_100                           = $7288 ; L parser
_writeValue                     = $7289 ; G parser
_buscador                       = $72B0 ; G parser
i_116                           = $72C0 ; L parser
i_118                           = $72E9 ; L parser
i_119                           = $732C ; L parser
i_117                           = $7338 ; L parser
_procesaString                  = $733D ; G parser
_ACCdesc                        = $733E ; G parser
_ACCdone                        = $7349 ; G parser
_ACCbreak                       = $7351 ; G parser
_CNDat                          = $735E ; G parser
i_120                           = $736D ; L parser
i_121                           = $7371 ; L parser
_CNDnotat                       = $7372 ; G parser
_CNDatgt                        = $7385 ; G parser
i_122                           = $739A ; L parser
i_123                           = $739E ; L parser
_CNDatlt                        = $739F ; G parser
i_124                           = $73B4 ; L parser
i_125                           = $73B8 ; L parser
_CNDpresent                     = $73B9 ; G parser
i_126                           = $7415 ; L parser
i_127                           = $7426 ; L parser
i_128                           = $7437 ; L parser
i_130                           = $7454 ; L parser
i_131                           = $7457 ; L parser
i_132                           = $7479 ; L parser
i_133_i_132                     = $747C ; L parser
i_134                           = $7492 ; L parser
i_136                           = $74D6 ; L parser
i_137_i_136                     = $74D9 ; L parser
i_135                           = $74E0 ; L parser
i_139                           = $750A ; L parser
i_140_i_139                     = $750D ; L parser
i_129                           = $7514 ; L parser
i_138                           = $7514 ; L parser
_CNDabsent                      = $751B ; G parser
i_141                           = $7531 ; L parser
i_142                           = $7536 ; L parser
_CNDworn                        = $7538 ; G parser
_CNDnotworn                     = $7553 ; G parser
i_143                           = $7569 ; L parser
i_144                           = $756E ; L parser
_CNDnotcarr                     = $7570 ; G parser
i_145                           = $7584 ; L parser
i_146                           = $7588 ; L parser
_CNDchance                      = $7589 ; G parser
_CNDtimeout                     = $758A ; G parser
_CNDisat                        = $758B ; G parser
i_147                           = $75B6 ; L parser
i_148                           = $75BA ; L parser
_CNDisnotat                     = $75BB ; G parser
_CNDprep                        = $75D7 ; G parser
_CNDnoun2                       = $75EC ; G parser
_CNDadject2                     = $7601 ; G parser
_CNDsame                        = $7616 ; G parser
_CNDnotsame                     = $7633 ; G parser
_CNDweight                      = $7650 ; G parser
_ACCinven                       = $7651 ; G parser
i_149                           = $7684 ; L parser
i_151                           = $768D ; L parser
i_155                           = $7711 ; L parser
i_156                           = $7714 ; L parser
i_154                           = $771B ; L parser
i_157                           = $771E ; L parser
i_153                           = $7738 ; L parser
i_152                           = $7741 ; L parser
i_158                           = $776D ; L parser
i_160                           = $7793 ; L parser
i_162                           = $77AE ; L parser
i_159                           = $77C9 ; L parser
i_163                           = $77C9 ; L parser
i_150                           = $77CC ; L parser
i_164                           = $77E6 ; L parser
i_165                           = $77EC ; L parser
_ACCquit                        = $77F6 ; G parser
_ACCend                         = $7802 ; G parser
_ACCok                          = $7815 ; G parser
_ACCramsave                     = $7823 ; G parser
_ACCramload                     = $7824 ; G parser
_ACCsave                        = $7825 ; G parser
_ACCload                        = $7826 ; G parser
_ACCturns                       = $7827 ; G parser
i_166                           = $785E ; L parser
_ACCscore                       = $7866 ; G parser
i_167                           = $7898 ; L parser
_ACCcls                         = $78A0 ; G parser
_ACCautog                       = $78C6 ; G parser
i_168                           = $78F0 ; L parser
_ACCautod                       = $78FE ; G parser
i_169                           = $7932 ; L parser
i_170                           = $7965 ; L parser
_ACCpause                       = $7973 ; G parser
_ACCgoto                        = $7974 ; G parser
_ACCclearexit                   = $7989 ; G parser
i_172                           = $79A9 ; L parser
i_171                           = $79AA ; L parser
_ACCgetexit                     = $79C5 ; G parser
i_176                           = $7A0C ; L parser
i_177_i_176                     = $7A0F ; L parser
i_174                           = $7A2A ; L parser
i_175                           = $7A2A ; L parser
_ACCsetexit                     = $7A2F ; G parser
i_178                           = $7A60 ; L parser
_ACCmessage                     = $7A61 ; G parser
_trytoGet                       = $7A6C ; G parser
i_179                           = $7A90 ; L parser
i_180                           = $7B14 ; L parser
_ACCget                         = $7B3E ; G parser
i_182                           = $7B73 ; L parser
i_181                           = $7B8C ; L parser
i_185                           = $7BB4 ; L parser
i_184                           = $7BBA ; L parser
i_186                           = $7BBA ; L parser
i_188                           = $7BD2 ; L parser
i_189_i_188                     = $7BD5 ; L parser
i_190                           = $7BEA ; L parser
i_191                           = $7BF0 ; L parser
i_187                           = $7BF3 ; L parser
i_192                           = $7C12 ; L parser
_ACCdrop                        = $7C18 ; G parser
i_193                           = $7C58 ; L parser
i_194                           = $7C89 ; L parser
i_195                           = $7CDA ; L parser
_ACCdestroy                     = $7CE0 ; G parser
_ACCcreate                      = $7CF7 ; G parser
_ACCswap                        = $7D11 ; G parser
_ACCplace                       = $7D69 ; G parser
i_197                           = $7D78 ; L parser
i_196                           = $7D93 ; L parser
i_199                           = $7DAE ; L parser
_ACCnewline                     = $7DAF ; G parser
_ACCwriteText                   = $7DB3 ; G parser
_ACCsysmess                     = $7DC5 ; G parser
_ACCcopyof                      = $7DD2 ; G parser
_ACCcopyoo                      = $7DD3 ; G parser
_ACCcopyfo                      = $7DD4 ; G parser
_ACCcopyff                      = $7DD5 ; G parser
_ACClistat                      = $7DD6 ; G parser
i_200                           = $7E8B ; L parser
i_201                           = $7E97 ; L parser
i_203                           = $7EA0 ; L parser
i_206                           = $7F1C ; L parser
i_207_i_206                     = $7F1F ; L parser
i_209                           = $7F52 ; L parser
i_210_i_209                     = $7F55 ; L parser
i_208                           = $7F61 ; L parser
i_211                           = $7F7E ; L parser
i_213                           = $7F9B ; L parser
i_214_i_213                     = $7F9E ; L parser
i_204                           = $7FA4 ; L parser
i_205                           = $7FA4 ; L parser
i_212                           = $7FA4 ; L parser
i_202                           = $7FA7 ; L parser
_ACClistnpc                     = $7FAC ; G parser
_ACClistobj                     = $7FAD ; G parser
i_215                           = $8052 ; L parser
_ACCobjat                       = $8055 ; G parser
_ACCmes                         = $8065 ; G parser
_ACCweigh                       = $8070 ; G parser
_ACCability                     = $809A ; G parser
_ACCweight                      = $80B4 ; G parser
_ACCrandom                      = $8100 ; G parser
_ACCwhato                       = $8101 ; G parser
_ACCputo                        = $8102 ; G parser
_ACCnotdone                     = $8103 ; G parser
_ACCautop                       = $810B ; G parser
_ACCautot                       = $810C ; G parser
_CNDmove                        = $810D ; G parser
_ACCpicture                     = $8137 ; G parser
_ACCgraphic                     = $8185 ; G parser
i_216                           = $819F ; L parser
_ACCbeep                        = $81A0 ; G parser
_ACCsound                       = $81A1 ; G parser
_CNDozero                       = $81A2 ; G parser
i_217                           = $81C2 ; L parser
_CNDonotzero                    = $81C6 ; G parser
i_218                           = $81E4 ; L parser
i_219                           = $81E8 ; L parser
_ACCoset                        = $81E9 ; G parser
_ACCoclear                      = $8218 ; G parser
_CNDislight                     = $824D ; G parser
_CNDisnotlight                  = $824E ; G parser
_ACCversion                     = $8258 ; G parser
_ACCwrite                       = $8259 ; G parser
_ACCwriteln                     = $8264 ; G parser
_ACCrestart                     = $8272 ; G parser
_ACCtranscript                  = $8273 ; G parser
_ACCanykey                      = $8274 ; G parser
_ACCgetkey                      = $827E ; G parser
_CNDobjfound                    = $827F ; G parser
_CNDobjnotfound                 = $8280 ; G parser
_CNDcarried                     = $8281 ; G parser
i_220                           = $829D ; L parser
i_221                           = $82B8 ; L parser
_ACConeg                        = $82BD ; G parser
_findMatchingObject             = $82EC ; G parser
i_222                           = $8302 ; L parser
i_224                           = $830B ; L parser
i_226                           = $833C ; L parser
i_230                           = $8395 ; L parser
i_229                           = $8397 ; L parser
i_232_i_229                     = $839A ; L parser
i_225                           = $83A2 ; L parser
i_228                           = $83A2 ; L parser
i_223                           = $83A5 ; L parser
_isAccesibleContainer           = $83AB ; G parser
i_233                           = $83C0 ; L parser
i_235                           = $83EA ; L parser
i_236_i_235                     = $83ED ; L parser
i_234                           = $83F2 ; L parser
i_238                           = $8436 ; L parser
i_239_i_238                     = $8439 ; L parser
i_237                           = $843E ; L parser
_ACCgetReferredObject           = $8443 ; G parser
i_240                           = $846F ; L parser
i_241                           = $84B7 ; L parser
i_242                           = $84F4 ; L parser
i_243                           = $8534 ; L parser
i_244                           = $8540 ; L parser
i_246                           = $8549 ; L parser
i_249                           = $859E ; L parser
i_250                           = $85A1 ; L parser
i_248                           = $85A5 ; L parser
i_251_i_248                     = $85A8 ; L parser
i_247                           = $85FB ; L parser
i_252                           = $85FB ; L parser
i_245                           = $85FE ; L parser
_getFlag                        = $8609 ; G parser
_setFlag                        = $8617 ; G parser
_dropall                        = $862E ; G parser
i_253                           = $863B ; L parser
i_255                           = $8644 ; L parser
i_256                           = $8678 ; L parser
i_254                           = $867B ; L parser
i_257                           = $8687 ; L parser
i_259                           = $8690 ; L parser
i_260                           = $86C4 ; L parser
i_258                           = $86C7 ; L parser
_done                           = $86C9 ; G parser
_desc                           = $86D1 ; G parser
_loc_here                       = $86D9 ; G parser
_get_loc_pos                    = $86DF ; G parser
i_261                           = $86E8 ; L parser
i_263                           = $8726 ; L parser
i_262                           = $8732 ; L parser
_get_obj_pos                    = $8738 ; G parser
i_264                           = $8751 ; L parser
i_265                           = $8751 ; L parser
i_267                           = $878C ; L parser
i_266                           = $8798 ; L parser
_get_img_pos                    = $879E ; G parser
i_268                           = $87A6 ; L parser
i_270                           = $87DC ; L parser
i_269                           = $87E8 ; L parser
_get_table_num                  = $87ED ; G parser
i_271                           = $87FD ; L parser
i_273                           = $8826 ; L parser
i_274                           = $8854 ; L parser
i_272                           = $8860 ; L parser
_getObjectLocation              = $8865 ; G parser
i_276                           = $889A ; L parser
i_275                           = $88B3 ; L parser
i_278                           = $88D1 ; L parser
_setObjectLocation              = $88D3 ; G parser
i_280                           = $88E2 ; L parser
i_279                           = $8904 ; L parser
i_282                           = $8935 ; L parser
_objectIsSupporter              = $8936 ; G parser
i_283                           = $8946 ; L parser
i_284                           = $8966 ; L parser
_objectIsContainer              = $896B ; G parser
i_285                           = $897B ; L parser
i_286                           = $899B ; L parser
i_287                           = $89A0 ; L parser
_objectIsAttr                   = $89A5 ; G parser
i_288                           = $89DE ; L parser
i_289                           = $89E1 ; L parser
_getObjectWeight                = $89E4 ; G parser
i_291                           = $8A22 ; L parser
i_292                           = $8A25 ; L parser
i_293                           = $8A37 ; L parser
i_294_i_293                     = $8A3A ; L parser
i_290                           = $8A56 ; L parser
_getLocationObjectsWeight       = $8A60 ; G parser
i_296                           = $8A91 ; L parser
i_295                           = $8AA3 ; L parser
i_298                           = $8AC1 ; L parser
i_299                           = $8ACD ; L parser
i_301                           = $8AD6 ; L parser
i_305                           = $8B63 ; L parser
i_306                           = $8B66 ; L parser
i_302                           = $8B96 ; L parser
i_303                           = $8B96 ; L parser
i_304                           = $8B96 ; L parser
i_300                           = $8B99 ; L parser
_getObjectCountAt               = $8BA5 ; G parser
i_308                           = $8BC6 ; L parser
i_307                           = $8BD8 ; L parser
i_310                           = $8BF6 ; L parser
i_311                           = $8C02 ; L parser
i_313                           = $8C0B ; L parser
i_314                           = $8C54 ; L parser
i_315                           = $8C54 ; L parser
i_312                           = $8C57 ; L parser
_getObjectCountAtWithAttr       = $8C62 ; G parser
i_316                           = $8C7E ; L parser
i_318                           = $8C87 ; L parser
i_320                           = $8CE5 ; L parser
i_321_i_320                     = $8CE8 ; L parser
i_319                           = $8CF1 ; L parser
i_317                           = $8CF4 ; L parser
_getNPCCountAt                  = $8CFB ; G parser
i_322                           = $8D18 ; L parser
i_324                           = $8D21 ; L parser
i_326                           = $8D75 ; L parser
i_327_i_326                     = $8D78 ; L parser
i_325                           = $8D81 ; L parser
i_323                           = $8D84 ; L parser
_objectIsNPC                    = $8D8C ; G parser
i_328                           = $8DA0 ; L parser
i_329                           = $8DCF ; L parser
i_330                           = $8DD4 ; L parser
_writeObject                    = $8DD6 ; G parser
i_331                           = $8E83 ; L parser
i_335                           = $8EB6 ; L parser
i_336                           = $8EBC ; L parser
i_334                           = $8EBF ; L parser
i_338                           = $8ED1 ; L parser
i_337                           = $8ED7 ; L parser
i_339                           = $8ED7 ; L parser
i_333                           = $8EDA ; L parser
i_342                           = $8EF9 ; L parser
i_343                           = $8EFF ; L parser
i_341                           = $8F02 ; L parser
i_345                           = $8F14 ; L parser
i_332                           = $8F1A ; L parser
i_340                           = $8F1A ; L parser
i_344                           = $8F1A ; L parser
i_346                           = $8F1A ; L parser
_newLine                        = $8F3A ; G parser
i_347                           = $8F69 ; L parser
_scrollVTextWindow              = $8F6A ; G parser
_CaptionBox                     = $8F7C ; G parser
_writeTextCenter                = $8F82 ; G parser
_writeText                      = $8F83 ; G parser
i_348                           = $8FE1 ; L parser
i_350                           = $8FFB ; L parser
i_351_i_350                     = $8FFE ; L parser
i_353                           = $9028 ; L parser
i_355                           = $9058 ; L parser
i_356_i_355                     = $905B ; L parser
i_354                           = $909C ; L parser
i_352                           = $909F ; L parser
i_357                           = $90BD ; L parser
i_349                           = $90C9 ; L parser
i_358                           = $90E1 ; L parser
i_362                           = $9112 ; L parser
i_364                           = $913C ; L parser
i_365                           = $917E ; L parser
i_366                           = $918D ; L parser
i_367                           = $918D ; L parser
i_368                           = $91AC ; L parser
i_361                           = $91AF ; L parser
i_369                           = $91CC ; L parser
i_360                           = $91CF ; L parser
i_372                           = $91DD ; L parser
i_373_i_372                     = $91E0 ; L parser
i_370                           = $9204 ; L parser
i_371                           = $9204 ; L parser
i_374                           = $9214 ; L parser
i_359                           = $9234 ; L parser
_writeSysMessage                = $923B ; G parser
_writeMessage                   = $9255 ; G parser
_defineGraphWindow              = $926F ; G parser
_defineTextWindow               = $9270 ; G parser
_clearGraphWindow               = $92A0 ; G parser
_clearTextWindow                = $92A1 ; G parser
i_375                           = $92D1 ; L parser
i_377                           = $92DA ; L parser
i_378                           = $92F8 ; L parser
i_380                           = $9301 ; L parser
i_379                           = $9331 ; L parser
i_376                           = $9334 ; L parser
_clearTextLine                  = $9337 ; G parser
i_381                           = $9344 ; L parser
i_383                           = $934D ; L parser
i_382                           = $937F ; L parser
_gotoxy                         = $9381 ; G parser
_getInput                       = $939B ; G parser
i_384                           = $93CF ; L parser
i_387                           = $941A ; L parser
i_386                           = $941D ; L parser
i_389                           = $942F ; L parser
i_388                           = $9472 ; L parser
i_385                           = $9478 ; L parser
_fontStyle                      = $949A ; G parser
i_392                           = $94A2 ; L parser
i_393                           = $94B5 ; L parser
i_394                           = $94C2 ; L parser
i_395                           = $94CF ; L parser
i_391                           = $94D9 ; L parser
_hideGraphicsWindow             = $94DB ; G parser
_setConnection                  = $94F0 ; G parser
i_396                           = $9539 ; L parser
_getConnection                  = $953A ; G parser
i_397                           = $954B ; L parser
_respuestas                     = $9573 ; G juego_compressed
_respuestas_post                = $957B ; G juego_compressed
_proceso1                       = $957C ; G juego_compressed
_proceso1_post                  = $957D ; G juego_compressed
_proceso2                       = $957E ; G juego_compressed
_main                           = $957F ; G juego_compressed
__bss_compiler_head             = $9580 ; G 
__code_compiler_tail            = $9580 ; G 
_flags                          = $9580 ; G parser
_playerInput                    = $967F ; G parser
_playerWord                     = $96CF ; G parser
_TextWindow                     = $96E8 ; G parser
_GraphWindow                    = $96EC ; G parser
_gNUM_OBJECTS                   = $96F0 ; G parser
_gNUM_LOC                       = $96F1 ; G parser
_gLAST_OBJECT_NUMBER            = $96F2 ; G parser
_gNUM_IMG                       = $96F3 ; G parser
_gDONE_FLAG                     = $96F4 ; G parser
_gDESCRIBE_LOCATION_FLAG        = $96F5 ; G parser
_gIN_RESPONSE                   = $96F6 ; G parser
_gSUCCESS                       = $96F7 ; G parser
_gDOALL_FLAG                    = $96F8 ; G parser
_gPROCESS_IN_DOALL              = $96F9 ; G parser
_gCURRENT_PROCESS               = $96FA ; G parser
__bss_compiler_tail             = $96FB ; G 
__rodata_compiler_head          = $96FB ; G 
_symbol_list                    = $96FB ; G parser
i_1                             = $97E3 ; L parser
i_1                             = $9B93 ; L juego_compressed
__data_compiler_head            = $A5B7 ; G 
__rodata_compiler_tail          = $A5B7 ; G 
_playerPrompt                   = $A5B7 ; G parser
_gDEBUGGER                      = $A5B9 ; G parser
_gGRAPHICSON                    = $A5BA ; G parser
_gSOUNDSON                      = $A5BB ; G parser
_gINTERRUPTDISABLED             = $A5BC ; G parser
_gSHOWWARNINGS                  = $A5BD ; G parser
_ginEND                         = $A5BE ; G parser
_ginQUIT                        = $A5BF ; G parser
_gENTRY_FOR_DOALL               = $A5C0 ; G parser
_verbos_debug_t                 = $A5C1 ; G parser
_adjetivos_t                    = $A5E8 ; G parser
_adverbios_t                    = $A60C ; G parser
_preposiciones_t                = $A621 ; G parser
_pronombres_t                   = $A663 ; G parser
_conjunciones_t                 = $A684 ; G parser
_imagenes_t                     = $A69C ; G juego_compressed
_localidades_t                  = $A6A0 ; G juego_compressed
_conexiones_t                   = $A6AC ; G juego_compressed
_mensajes_t                     = $A6C2 ; G juego_compressed
_mensajesSistema_t              = $A6C5 ; G juego_compressed
_nombres_t                      = $A79D ; G juego_compressed
_verbos_t                       = $A9F5 ; G juego_compressed
_objetos_t                      = $ABF3 ; G juego_compressed
__code_clib_head                = $AC09 ; G 
__data_compiler_tail            = $AC09 ; G 
_atoi                           = $AC09 ; G atoi
atoi                            = $AC09 ; G atoi
asm_isspace                     = $AC23 ; G asm_isspace
_utoa                           = $AC35 ; G utoa
utoa                            = $AC35 ; G utoa
_utoa_callee                    = $AC40 ; G utoa_callee
utoa_callee                     = $AC40 ; G utoa_callee
asmentry                        = $AC45 ; L utoa_callee
_itoa_callee                    = $AC58 ; G itoa_callee
itoa_callee                     = $AC58 ; G itoa_callee
asmentry                        = $AC5D ; L itoa_callee
negative                        = $AC71 ; L itoa_callee
libentry                        = $AC7C ; L itoa_callee
notneg                          = $AC7C ; L itoa_callee
loop                            = $AC7D ; L itoa_callee
nowrite0                        = $AC93 ; L itoa_callee
exit0                           = $ACA4 ; L itoa_callee
exit1                           = $ACA8 ; L itoa_callee
_memset_callee                  = $ACAB ; G memset_callee
memset_callee                   = $ACAB ; G memset_callee
asmentry                        = $ACAF ; L memset_callee
_strncmp_callee                 = $ACBF ; G strncmp_callee
strncmp_callee                  = $ACBF ; G strncmp_callee
asmentry                        = $ACC3 ; L strncmp_callee
strncmp1                        = $ACC7 ; L strncmp_callee
equal                           = $ACD4 ; L strncmp_callee
different                       = $ACD8 ; L strncmp_callee
_strrev                         = $ACDF ; G strrev
strrev                          = $ACDF ; G strrev
revlp                           = $ACF6 ; L strrev
exit                            = $ACFF ; L strrev
__code_clib_tail                = $AD01 ; G 
__code_crt0_sccz80_head         = $AD01 ; G 
l_asl                           = $AD01 ; G l_asl
l_asl1                          = $AD02 ; L l_asl
l_deneg                         = $AD08 ; G l_deneg
l_div_u                         = $AD10 ; G l_div_u
entry                           = $AD14 ; L l_div_u
l_div1                          = $AD1B ; L l_div_u
l_div2                          = $AD25 ; L l_div_u
l_eq                            = $AD2F ; G l_eq
l_gint                          = $AD39 ; G l_gint
l_gintsp                        = $AD3E ; G l_gintsp
l_gintspsp                      = $AD46 ; G l_gintspsp
l_glong                         = $AD4F ; G l_glong
l_glongsp                       = $AD59 ; G l_glongsp
l_lneg                          = $AD6A ; G l_lneg
l_mult                          = $AD73 ; G l_mul
l_mult1                         = $AD7A ; L l_mul
l_mult2                         = $AD81 ; L l_mul
l_ne                            = $AD84 ; G l_ne
l_neg                           = $AD8F ; G l_neg
l_or                            = $AD97 ; G l_or
l_pint_pop                      = $AD9E ; G l_pint_pop
l_pint                          = $ADA4 ; G l_pint
l_plong                         = $ADAA ; G l_plong
l_sxt                           = $ADB6 ; G l_sxt
l_uge                           = $ADBB ; G l_uge
l_compare_result                = $ADC7 ; G l_compare_result
l_ugt                           = $ADCD ; G l_ugt
l_ule                           = $ADD7 ; G l_ule
l_ult                           = $ADE3 ; G l_ult
l_long_and                      = $ADED ; G l_long_and
l_long_lneg                     = $ADFF ; G l_long_lneg
l_long_lneg1                    = $AE0B ; L l_long_lneg
l_long_or                       = $AE0E ; G l_long_or
l_long_ugt                      = $AE20 ; G l_long_ugt
l_long_ugt1                     = $AE27 ; L l_long_ugt
l_long_ucmp                     = $AE29 ; G l_long_ucmp
l_long_ucmp1                    = $AE4F ; L l_long_ucmp
l_long_xor                      = $AE58 ; G l_long_xor
__code_crt0_sccz80_tail         = $AE6A ; G 
__tail                          = $AE6A ; G 
