CLIB_FOPEN_MAX                  = $FFFFFFFF ; L crt0_base
ASMDISP_STRREV                  = $0000 ; G strrev
CLIB_EXIT_STACK_SIZE            = $0000 ; L crt0_base
CLIB_MALLOC_HEAP_SIZE           = $0000 ; L crt0_base
CLIB_STDIO_HEAP_SIZE            = $0000 ; L crt0_base
CRT_ENABLE_CLOSE                = $0000 ; L crt0_base
CRT_Z88_BADPAGES                = $0000 ; L crt0_base
CRT_Z88_EXPANDED                = $0000 ; L crt0_base
CRT_ENABLE_RESTART              = $0001 ; L crt0_base
DEFINED_CLIB_EXIT_STACK_SIZE    = $0001 ; L crt0_base
DEFINED_CLIB_FOPEN_MAX          = $0001 ; L crt0_base
DEFINED_CLIB_MALLOC_HEAP_SIZE   = $0001 ; L crt0_base
DEFINED_CLIB_STDIO_HEAP_SIZE    = $0001 ; L crt0_base
DEFINED_CRT_ENABLE_CLOSE        = $0001 ; L crt0_base
DEFINED_CRT_ENABLE_RESTART      = $0001 ; L crt0_base
DEFINED_CRT_Z88_BADPAGES        = $0001 ; L crt0_base
DEFINED_CRT_Z88_EXPANDED        = $0001 ; L crt0_base
DEFINED_STACKPTR                = $0001 ; L crt0_base
DEFINED_startup                 = $0001 ; L crt0_base
NEED_floatpack                  = $0001 ; L crt0_base
startup                         = $0001 ; L crt0_base
ASMDISP_MEMSET_CALLEE           = $0004 ; G memset_callee
ASMDISP_STRNCMP_CALLEE          = $0004 ; G strncmp_callee
L_DIVENTRY                      = $0004 ; G l_div_u
ASMDISP_ITOA_CALLEE             = $0005 ; G itoa_callee
ASMDISP_UTOA_CALLEE             = $0005 ; G utoa_callee
LIBDISP_ITOA_CALLEE             = $0024 ; G itoa_callee
__code_clib_size                = $00CC ; G 
__bss_compiler_size             = $014F ; G 
__code_crt0_sccz80_size         = $015E ; G 
__data_compiler_size            = $09B9 ; G 
__rodata_compiler_size          = $30AF ; G 
__code_compiler_size            = $43E8 ; G 
STACKPTR                        = $5E88 ; L crt0_base
__head                          = $5E88 ; G 
_reynolds                       = $5E9B ; L printlib
_print_string                   = $619B ; G printlib
Print_String_0                  = $61A5 ; L printlib
_print_char                     = $61B2 ; G printlib
Get_Char_Address                = $61C1 ; L printlib
Get_Pixel_Address               = $61D1 ; L printlib
Pixel_Address_Down              = $61F1 ; L printlib
Pixel_Address_Up                = $6200 ; L printlib
Print_Char                      = $6211 ; L printlib
Print_Char_1                    = $6229 ; L printlib
_set_attr                       = $6232 ; G printlib
_L01_img                        = $624B ; G juego_compressed
_L02_img                        = $664C ; G juego_compressed
_L03_img                        = $69C3 ; G juego_compressed
_L04_img                        = $6C78 ; G juego_compressed
_L05_img                        = $6F99 ; G juego_compressed
_L06_img                        = $736D ; G juego_compressed
_L07_img                        = $7618 ; G juego_compressed
_Europa_img                     = $79B1 ; G juego_compressed
dzx7AgileRCS_callee             = $7C6E ; G dzx7AgileRCS_callee
asm_dzx7AgileRCS                = $7C71 ; G dzx7AgileRCS_callee
dzx7_agilercs                   = $7C71 ; L dzx7AgileRCS_callee
dzx7a_copy_byte_loop1           = $7C73 ; L dzx7AgileRCS_callee
dzx7a_main_loop1                = $7C77 ; L dzx7AgileRCS_callee
dzx7a_copy_byte_loop            = $7C80 ; L dzx7AgileRCS_callee
dzx7a_main_loop                 = $7C82 ; L dzx7AgileRCS_callee
dzx7a_len_size_start            = $7C88 ; L dzx7AgileRCS_callee
dzx7a_len_size_loop             = $7C8D ; L dzx7AgileRCS_callee
dzx7a_len_value_loop            = $7C97 ; L dzx7AgileRCS_callee
dzx7a_len_value_start           = $7CA1 ; L dzx7AgileRCS_callee
dzx7a_offset_end                = $7CC5 ; L dzx7AgileRCS_callee
dzx7a_copy_bytes                = $7CD9 ; L dzx7AgileRCS_callee
dzx7a_load_bits                 = $7CEA ; L dzx7AgileRCS_callee
dzx7a_copy_byte                 = $7CEE ; L dzx7AgileRCS_callee
dzx7a_exit                      = $7CF4 ; L dzx7AgileRCS_callee
dzx7a_convert                   = $7CF7 ; L dzx7AgileRCS_callee
stdio_error_zc                  = $7D08 ; G stdio_error_zc
stdio_basechar                  = $7D0D ; G stdio_basechar
__code_compiler_head            = $7D31 ; G 
_setRAMPage                     = $7D31 ; G X__libgfx_libgfx
_setRAMBack                     = $7D32 ; G X__libgfx_libgfx
_drawVline                      = $7D33 ; G X__libgfx_libgfx
_drawHline                      = $7D34 ; G X__libgfx_libgfx
_drawline                       = $7D35 ; G X__libgfx_libgfx
_scrollArriba                   = $7D36 ; G X__libgfx_libgfx
SA1start                        = $7D42 ; L X__libgfx_libgfx
SA1loops                        = $7D71 ; L X__libgfx_libgfx
SA1loop                         = $7D73 ; L X__libgfx_libgfx
notfillzero                     = $7D7D ; L X__libgfx_libgfx
nextscan                        = $7D8A ; L X__libgfx_libgfx
nextrow                         = $7D93 ; L X__libgfx_libgfx
_drawRectangle                  = $7DA4 ; G X__libgfx_libgfx
_clsScreen                      = $7DA5 ; G X__libgfx_libgfx
_drawGFX                        = $7DA6 ; G X__libgfx_libgfx
_drawSprite                     = $7DA7 ; G X__libgfx_libgfx
Wait_For_Keys_Pressed           = $7DAF ; L X__libgfx_libgfx
_waitForAnyKey                  = $7DAF ; G X__libgfx_libgfx
Wait_For_Keys_NotPressed        = $7DB8 ; L X__libgfx_libgfx
_waitForNoKey                   = $7DB8 ; G X__libgfx_libgfx
_randomNumber                   = $7DC1 ; G X__libgfx_libgfx
Read_Keyboard                   = $7DC2 ; L X__libgfx_libgfx
_getKey                         = $7DC2 ; G X__libgfx_libgfx
Read_Keyboard_0                 = $7DCC ; L X__libgfx_libgfx
Read_Keyboard_1                 = $7DD4 ; L X__libgfx_libgfx
nokey                           = $7DE2 ; L X__libgfx_libgfx
Read_Keyboard_2                 = $7DEC ; L X__libgfx_libgfx
Return_Keyboard                 = $7DF9 ; L X__libgfx_libgfx
Keyboard_Map                    = $7DFD ; L X__libgfx_libgfx
_clearchar                      = $7E2E ; G X__libgfx_libgfx
_clear_screen                   = $7E61 ; G X__libgfx_libgfx
_putpixel                       = $7E8B ; G X__libgfx_libgfx
_fzx_setat                      = $7E8C ; G X__libgfx_libgfx
_fzx_putc                       = $7EA6 ; G X__libgfx_libgfx
_fzx_puts                       = $7EBE ; G X__libgfx_libgfx
_initParser                     = $7ED5 ; G parser
i_17                            = $7F3B ; L parser
i_20                            = $7F9B ; L parser
i_19                            = $7FA3 ; L parser
i_18                            = $7FA6 ; L parser
i_22                            = $7FAD ; L parser
i_23                            = $7FE9 ; L parser
i_24                            = $7FF0 ; L parser
i_25                            = $800D ; L parser
_ParserLoop                     = $801B ; G parser
i_26                            = $801D ; L parser
i_30                            = $80B2 ; L parser
i_32                            = $80CB ; L parser
i_34                            = $80D0 ; L parser
i_36                            = $811E ; L parser
i_37_i_36                       = $8121 ; L parser
i_35                            = $813F ; L parser
i_33                            = $8142 ; L parser
i_31                            = $8145 ; L parser
i_29                            = $8168 ; L parser
i_28                            = $816E ; L parser
i_38                            = $816E ; L parser
i_40                            = $8193 ; L parser
i_39                            = $819E ; L parser
i_27                            = $81A1 ; L parser
_ACCNextWord                    = $81A4 ; G parser
i_41                            = $81BC ; L parser
i_43                            = $81D2 ; L parser
i_44_i_43                       = $81D5 ; L parser
i_46                            = $8226 ; L parser
i_45                            = $8232 ; L parser
i_48                            = $8237 ; L parser
i_42                            = $8242 ; L parser
i_49                            = $8263 ; L parser
i_50                            = $8269 ; L parser
_ACCGetWord                     = $826C ; G parser
i_51                            = $827B ; L parser
i_53                            = $8299 ; L parser
i_54_i_53                       = $829C ; L parser
i_52                            = $82A2 ; L parser
_parse                          = $82A3 ; G parser
i_55                            = $82D5 ; L parser
i_58                            = $8300 ; L parser
i_59_i_58                       = $8303 ; L parser
i_57                            = $8306 ; L parser
i_62                            = $8326 ; L parser
i_63_i_62                       = $8329 ; L parser
i_61                            = $832C ; L parser
i_66                            = $834C ; L parser
i_67_i_66                       = $834F ; L parser
i_65                            = $8352 ; L parser
i_70                            = $8372 ; L parser
i_71_i_70                       = $8375 ; L parser
i_69                            = $8378 ; L parser
i_60                            = $8398 ; L parser
i_64                            = $8398 ; L parser
i_68                            = $8398 ; L parser
i_72                            = $8398 ; L parser
i_73                            = $8398 ; L parser
i_74                            = $8398 ; L parser
i_75_i_74                       = $8398 ; L parser
i_77                            = $83AA ; L parser
i_78_i_77                       = $83AD ; L parser
i_76                            = $83BE ; L parser
i_56                            = $83C1 ; L parser
_writeValue                     = $83C2 ; G parser
_buscador                       = $83E9 ; G parser
i_79                            = $83F9 ; L parser
i_81                            = $8422 ; L parser
i_82                            = $846E ; L parser
i_80                            = $8479 ; L parser
_ACCdesc                        = $848A ; G parser
_ACCdone                        = $8495 ; G parser
_ACCbreak                       = $849D ; G parser
_CNDat                          = $84AA ; G parser
i_83                            = $84BB ; L parser
i_84                            = $84C0 ; L parser
_CNDnotat                       = $84C2 ; G parser
_CNDatgt                        = $84D3 ; G parser
i_85                            = $84E9 ; L parser
i_86                            = $84EE ; L parser
_CNDatlt                        = $84F0 ; G parser
i_87                            = $8506 ; L parser
i_88                            = $850B ; L parser
_CNDpresent                     = $850D ; G parser
i_89                            = $8569 ; L parser
i_90                            = $857A ; L parser
i_91                            = $858B ; L parser
i_93                            = $85A8 ; L parser
i_94                            = $85AB ; L parser
i_95                            = $85CD ; L parser
i_96_i_95                       = $85D0 ; L parser
i_97                            = $85E6 ; L parser
i_99                            = $862A ; L parser
i_100_i_99                      = $862D ; L parser
i_98                            = $8634 ; L parser
i_102                           = $865E ; L parser
i_103_i_102                     = $8661 ; L parser
i_101                           = $8668 ; L parser
i_92                            = $8668 ; L parser
_CNDabsent                      = $866F ; G parser
i_104                           = $8685 ; L parser
i_105                           = $868A ; L parser
_CNDworn                        = $868C ; G parser
i_106                           = $86A8 ; L parser
_CNDnotworn                     = $86AD ; G parser
i_107                           = $86C3 ; L parser
i_108                           = $86C8 ; L parser
_CNDnotcarr                     = $86CA ; G parser
i_109                           = $86DE ; L parser
i_110                           = $86E2 ; L parser
_CNDchance                      = $86E3 ; G parser
_CNDtimeout                     = $86E4 ; G parser
_CNDisat                        = $86E5 ; G parser
i_111                           = $8710 ; L parser
i_112                           = $8714 ; L parser
_CNDisnotat                     = $8715 ; G parser
_CNDprep                        = $8731 ; G parser
_CNDsame                        = $8746 ; G parser
_CNDnotsame                     = $8763 ; G parser
_CNDweight                      = $8780 ; G parser
_ACCinven                       = $8781 ; G parser
i_113                           = $87B6 ; L parser
i_114                           = $87C8 ; L parser
i_116                           = $87CD ; L parser
i_120                           = $8851 ; L parser
i_121                           = $8854 ; L parser
i_119                           = $885B ; L parser
i_122                           = $885E ; L parser
i_118                           = $8878 ; L parser
i_117                           = $8881 ; L parser
i_123                           = $88AD ; L parser
i_125                           = $88D3 ; L parser
i_127                           = $88EE ; L parser
i_124                           = $8909 ; L parser
i_128                           = $8909 ; L parser
i_115                           = $890C ; L parser
_ACCquit                        = $8922 ; G parser
_ACCend                         = $892E ; G parser
_ACCok                          = $8936 ; G parser
_ACCramsave                     = $8944 ; G parser
_ACCramload                     = $8945 ; G parser
_ACCsave                        = $8946 ; G parser
_ACCload                        = $8947 ; G parser
_ACCturns                       = $8948 ; G parser
i_129                           = $897F ; L parser
_ACCscore                       = $8987 ; G parser
i_130                           = $89B9 ; L parser
_ACCcls                         = $89C1 ; G parser
_ACCautog                       = $89DE ; G parser
i_133                           = $8A2E ; L parser
i_134                           = $8A31 ; L parser
i_132                           = $8A44 ; L parser
i_131                           = $8A53 ; L parser
_ACCautod                       = $8A61 ; G parser
i_135                           = $8A95 ; L parser
i_136                           = $8AC8 ; L parser
_ACCpause                       = $8AD6 ; G parser
_ACCgoto                        = $8AD7 ; G parser
_ACCclearexit                   = $8AEC ; G parser
i_138                           = $8B0C ; L parser
i_137                           = $8B0D ; L parser
_ACCgetexit                     = $8B28 ; G parser
i_142                           = $8B6F ; L parser
i_143_i_142                     = $8B72 ; L parser
i_140                           = $8B8E ; L parser
i_141                           = $8B8E ; L parser
_ACCsetexit                     = $8B93 ; G parser
i_144                           = $8BC4 ; L parser
_ACCmessage                     = $8BC5 ; G parser
_trytoGet                       = $8BD8 ; G parser
i_145                           = $8BFC ; L parser
i_146                           = $8C80 ; L parser
_ACCget                         = $8CAA ; G parser
i_148                           = $8CDF ; L parser
i_147                           = $8CF8 ; L parser
i_151                           = $8D20 ; L parser
i_150                           = $8D26 ; L parser
i_152                           = $8D26 ; L parser
i_154                           = $8D3E ; L parser
i_155_i_154                     = $8D41 ; L parser
i_156                           = $8D56 ; L parser
i_157                           = $8D5C ; L parser
i_153                           = $8D5F ; L parser
i_158                           = $8D7E ; L parser
_ACCdrop                        = $8D84 ; G parser
i_159                           = $8DC4 ; L parser
i_160                           = $8DF5 ; L parser
i_161                           = $8E46 ; L parser
_ACCdestroy                     = $8E4C ; G parser
_ACCcreate                      = $8E63 ; G parser
_ACCswap                        = $8E7D ; G parser
_ACCplace                       = $8ED5 ; G parser
i_163                           = $8EE4 ; L parser
i_162                           = $8EFF ; L parser
i_165                           = $8F1A ; L parser
_ACCnewline                     = $8F1B ; G parser
_ACCwriteText                   = $8F1F ; G parser
_ACCwrite                       = $8F34 ; G parser
_ACCwriteln                     = $8F3A ; G parser
_ACCsysmess                     = $8F43 ; G parser
_ACCcopyof                      = $8F50 ; G parser
_ACCcopyoo                      = $8F51 ; G parser
_ACCcopyfo                      = $8F52 ; G parser
_ACCcopyff                      = $8F53 ; G parser
_ACClistat                      = $8F54 ; G parser
i_166                           = $9009 ; L parser
i_167                           = $9015 ; L parser
i_169                           = $901A ; L parser
i_172                           = $9096 ; L parser
i_173_i_172                     = $9099 ; L parser
i_175                           = $90CC ; L parser
i_176_i_175                     = $90CF ; L parser
i_174                           = $90D5 ; L parser
i_177                           = $90F2 ; L parser
i_179                           = $910F ; L parser
i_180_i_179                     = $9112 ; L parser
i_170                           = $9118 ; L parser
i_171                           = $9118 ; L parser
i_178                           = $9118 ; L parser
i_168                           = $911B ; L parser
_ACClistnpc                     = $9120 ; G parser
_ACClistobj                     = $9121 ; G parser
i_181                           = $91C6 ; L parser
_ACCobjat                       = $91C9 ; G parser
_ACCmes                         = $91DB ; G parser
_ACCweigh                       = $91EB ; G parser
_ACCability                     = $9215 ; G parser
_ACCweight                      = $922F ; G parser
_ACCrandom                      = $927B ; G parser
_ACCwhato                       = $927C ; G parser
_ACCputo                        = $927D ; G parser
_ACCnotdone                     = $927E ; G parser
_ACCautop                       = $9286 ; G parser
_ACCautot                       = $9287 ; G parser
_CNDmove                        = $9288 ; G parser
_ACCpicture                     = $92B2 ; G parser
i_182                           = $92F2 ; L parser
i_183                           = $9326 ; L parser
_ACCgraphic                     = $9328 ; G parser
i_184                           = $9342 ; L parser
_ACCbeep                        = $9343 ; G parser
_ACCsound                       = $9344 ; G parser
_CNDozero                       = $9345 ; G parser
i_185                           = $9365 ; L parser
_CNDonotzero                    = $9369 ; G parser
i_186                           = $9387 ; L parser
i_187                           = $938B ; L parser
_ACCoset                        = $938C ; G parser
_ACCoclear                      = $93BB ; G parser
_CNDislight                     = $93F0 ; G parser
_CNDisnotlight                  = $93F1 ; G parser
_ACCversion                     = $93FB ; G parser
_ACCrestart                     = $93FC ; G parser
_ACCtranscript                  = $93FD ; G parser
_ACCanykey                      = $93FE ; G parser
_ACCgetkey                      = $9408 ; G parser
_CNDobjfound                    = $9409 ; G parser
_CNDobjnotfound                 = $940A ; G parser
_CNDcarried                     = $940B ; G parser
i_188                           = $9427 ; L parser
i_189                           = $9442 ; L parser
_ACConeg                        = $9447 ; G parser
_findMatchingObject             = $9476 ; G parser
i_190                           = $948C ; L parser
i_192                           = $9491 ; L parser
i_194                           = $94C2 ; L parser
i_198                           = $951B ; L parser
i_197                           = $951D ; L parser
i_200_i_197                     = $9520 ; L parser
i_193                           = $9528 ; L parser
i_196                           = $9528 ; L parser
i_191                           = $952B ; L parser
_isAccesibleContainer           = $9531 ; G parser
i_201                           = $9546 ; L parser
i_203                           = $9570 ; L parser
i_204_i_203                     = $9573 ; L parser
i_202                           = $9578 ; L parser
i_206                           = $95BC ; L parser
i_207_i_206                     = $95BF ; L parser
i_205                           = $95C4 ; L parser
_ACCgetReferredObject           = $95C9 ; G parser
i_208                           = $95F5 ; L parser
i_209                           = $963D ; L parser
i_210                           = $967A ; L parser
i_211                           = $96BA ; L parser
i_212                           = $96C6 ; L parser
i_214                           = $96CB ; L parser
i_217                           = $9720 ; L parser
i_218                           = $9723 ; L parser
i_216                           = $9727 ; L parser
i_219_i_216                     = $972A ; L parser
i_215                           = $977D ; L parser
i_220                           = $977D ; L parser
i_213                           = $9780 ; L parser
_getFlag                        = $978B ; G parser
_setFlag                        = $9799 ; G parser
_dropall                        = $97B0 ; G parser
i_221                           = $97BD ; L parser
i_223                           = $97C2 ; L parser
i_224                           = $97F6 ; L parser
i_222                           = $97F9 ; L parser
i_225                           = $9805 ; L parser
i_227                           = $980A ; L parser
i_228                           = $983E ; L parser
i_226                           = $9841 ; L parser
_done                           = $9843 ; G parser
_desc                           = $984B ; G parser
_loc_here                       = $9853 ; G parser
_get_loc_pos                    = $9859 ; G parser
i_229                           = $9862 ; L parser
i_231                           = $98A1 ; L parser
i_230                           = $98AD ; L parser
_get_obj_pos                    = $98B3 ; G parser
i_232                           = $98CC ; L parser
i_233                           = $98CC ; L parser
i_235                           = $9907 ; L parser
i_234                           = $9913 ; L parser
_get_img_pos                    = $9919 ; G parser
i_236                           = $9922 ; L parser
i_238                           = $9959 ; L parser
i_237                           = $9965 ; L parser
_get_msg_pos                    = $996B ; G parser
_get_table_pos                  = $9981 ; G parser
i_239                           = $9989 ; L parser
i_241                           = $99D1 ; L parser
i_240                           = $99DD ; L parser
_getObjectLocation              = $99E2 ; G parser
i_243                           = $9A17 ; L parser
i_242                           = $9A30 ; L parser
i_245                           = $9A4E ; L parser
_setObjectLocation              = $9A50 ; G parser
i_247                           = $9A5F ; L parser
i_246                           = $9A81 ; L parser
i_249                           = $9AB3 ; L parser
_objectIsSupporter              = $9AB4 ; G parser
i_250                           = $9AC4 ; L parser
i_251                           = $9AE4 ; L parser
_objectIsContainer              = $9AE9 ; G parser
i_252                           = $9AF9 ; L parser
i_253                           = $9B19 ; L parser
i_254                           = $9B1E ; L parser
_objectIsAttr                   = $9B23 ; G parser
i_255                           = $9B5C ; L parser
i_256                           = $9B5F ; L parser
_getObjectWeight                = $9B62 ; G parser
i_258                           = $9BA0 ; L parser
i_259                           = $9BA3 ; L parser
i_260                           = $9BB5 ; L parser
i_261_i_260                     = $9BB8 ; L parser
i_257                           = $9BD4 ; L parser
_getLocationObjectsWeight       = $9BDE ; G parser
i_263                           = $9C0F ; L parser
i_262                           = $9C21 ; L parser
i_265                           = $9C40 ; L parser
i_266                           = $9C4C ; L parser
i_268                           = $9C51 ; L parser
i_272                           = $9CDE ; L parser
i_273                           = $9CE1 ; L parser
i_269                           = $9D11 ; L parser
i_270                           = $9D11 ; L parser
i_271                           = $9D11 ; L parser
i_267                           = $9D14 ; L parser
_getObjectCountAt               = $9D20 ; G parser
i_275                           = $9D41 ; L parser
i_274                           = $9D53 ; L parser
i_277                           = $9D72 ; L parser
i_278                           = $9D7E ; L parser
i_280                           = $9D83 ; L parser
i_281                           = $9DCC ; L parser
i_282                           = $9DCC ; L parser
i_279                           = $9DCF ; L parser
_getObjectCountAtWithAttr       = $9DDA ; G parser
i_283                           = $9DF6 ; L parser
i_285                           = $9DFB ; L parser
i_287                           = $9E5A ; L parser
i_288_i_287                     = $9E5D ; L parser
i_286                           = $9E66 ; L parser
i_284                           = $9E69 ; L parser
_getNPCCountAt                  = $9E70 ; G parser
i_289                           = $9E8D ; L parser
i_291                           = $9E92 ; L parser
i_293                           = $9EE7 ; L parser
i_294_i_293                     = $9EEA ; L parser
i_292                           = $9EF3 ; L parser
i_290                           = $9EF6 ; L parser
_objectIsNPC                    = $9EFE ; G parser
i_295                           = $9F12 ; L parser
i_296                           = $9F41 ; L parser
i_297                           = $9F46 ; L parser
_writeObject                    = $9F48 ; G parser
i_298                           = $9FF5 ; L parser
i_302                           = $A028 ; L parser
i_303                           = $A02E ; L parser
i_301                           = $A031 ; L parser
i_305                           = $A043 ; L parser
i_304                           = $A049 ; L parser
i_306                           = $A049 ; L parser
i_300                           = $A04C ; L parser
i_309                           = $A06B ; L parser
i_310                           = $A071 ; L parser
__size                          = $A072 ; G 
i_308                           = $A074 ; L parser
i_312                           = $A086 ; L parser
i_299                           = $A08C ; L parser
i_307                           = $A08C ; L parser
i_311                           = $A08C ; L parser
i_313                           = $A08C ; L parser
_newLine                        = $A0AC ; G parser
i_314                           = $A0DE ; L parser
_scrollVTextWindow              = $A0DF ; G parser
_CaptionBox                     = $A0F1 ; G parser
_writeTextCenter                = $A0F7 ; G parser
_writeTextln                    = $A0F8 ; G parser
_writeText                      = $A104 ; G parser
i_315                           = $A150 ; L parser
i_317                           = $A16A ; L parser
i_318_i_317                     = $A16D ; L parser
i_320                           = $A197 ; L parser
i_322                           = $A1C7 ; L parser
i_323_i_322                     = $A1CA ; L parser
i_321                           = $A20B ; L parser
i_319                           = $A20E ; L parser
i_324                           = $A22C ; L parser
i_316                           = $A238 ; L parser
i_325                           = $A244 ; L parser
i_328                           = $A29D ; L parser
i_330                           = $A2AC ; L parser
i_332                           = $A2C8 ; L parser
i_331                           = $A2D1 ; L parser
i_335                           = $A30B ; L parser
i_334                           = $A30E ; L parser
i_327                           = $A335 ; L parser
i_337                           = $A33E ; L parser
i_326                           = $A34A ; L parser
_writeSysMessage                = $A351 ; G parser
_writeMessage                   = $A36B ; G parser
_defineGraphWindow              = $A385 ; G parser
_defineTextWindow               = $A386 ; G parser
_clearGraphWindow               = $A3B6 ; G parser
_clearTextWindow                = $A3B7 ; G parser
i_338                           = $A3DA ; L parser
i_340                           = $A3DF ; L parser
i_341                           = $A40A ; L parser
i_343                           = $A40F ; L parser
i_344                           = $A450 ; L parser
i_345                           = $A469 ; L parser
i_342                           = $A46C ; L parser
i_339                           = $A46F ; L parser
_clearTextLine                  = $A471 ; G parser
i_346                           = $A47E ; L parser
i_348                           = $A483 ; L parser
i_347                           = $A4B5 ; L parser
_gotoxy                         = $A4B7 ; G parser
_getInput                       = $A4CD ; G parser
i_349                           = $A503 ; L parser
i_351                           = $A519 ; L parser
i_352_i_351                     = $A51C ; L parser
i_353                           = $A550 ; L parser
i_355                           = $A56F ; L parser
i_354                           = $A57C ; L parser
i_350                           = $A59A ; L parser
_fontStyle                      = $A5BC ; G parser
i_358                           = $A5C4 ; L parser
i_357                           = $A5D4 ; L parser
i_359                           = $A5D4 ; L parser
i_360                           = $A5D4 ; L parser
i_361                           = $A5D4 ; L parser
_hideGraphicsWindow             = $A5D6 ; G parser
_setConnection                  = $A5EB ; G parser
i_362                           = $A635 ; L parser
_getConnection                  = $A636 ; G parser
i_363                           = $A647 ; L parser
_ACCautow                       = $A66F ; G parser
i_364                           = $A6A3 ; L parser
i_365                           = $A6D6 ; L parser
i_366                           = $A709 ; L parser
_ACCautor                       = $A717 ; G parser
i_367                           = $A74B ; L parser
i_368                           = $A77E ; L parser
i_369                           = $A7B1 ; L parser
_ACCremove                      = $A7BF ; G parser
i_370                           = $A81D ; L parser
i_371                           = $A84E ; L parser
i_373                           = $A8A2 ; L parser
i_372                           = $A8AE ; L parser
_ACCwear                        = $A8B4 ; G parser
i_374                           = $A8F4 ; L parser
i_375                           = $A925 ; L parser
i_377                           = $A96D ; L parser
i_376                           = $A99A ; L parser
_ACCputin                       = $A9A0 ; G parser
i_378                           = $A9F8 ; L parser
i_379                           = $AA28 ; L parser
i_381                           = $AA8E ; L parser
i_382                           = $AAA2 ; L parser
i_380                           = $AABA ; L parser
_ACCtakeout                     = $AABF ; G parser
i_384                           = $AB06 ; L parser
i_383                           = $AB17 ; L parser
i_387                           = $AB60 ; L parser
i_388                           = $AB66 ; L parser
i_386                           = $AB6E ; L parser
i_389                           = $ABA4 ; L parser
i_390                           = $ABC2 ; L parser
_incr16bit                      = $ABE1 ; G parser
i_391                           = $AC01 ; L parser
_respuestas                     = $AC0A ; G juego_compressed
i_14                            = $AC30 ; L juego_compressed
i_16                            = $AC3F ; L juego_compressed
i_17_i_16                       = $AC42 ; L juego_compressed
i_15                            = $AC54 ; L juego_compressed
i_19                            = $AC63 ; L juego_compressed
i_20_i_19                       = $AC66 ; L juego_compressed
i_18                            = $AC78 ; L juego_compressed
i_21                            = $AC92 ; L juego_compressed
i_24                            = $ACAA ; L juego_compressed
i_23                            = $ACAC ; L juego_compressed
i_26_i_23                       = $ACAF ; L juego_compressed
i_22                            = $ACC1 ; L juego_compressed
i_27                            = $ACCD ; L juego_compressed
i_29                            = $AD14 ; L juego_compressed
i_28                            = $AD17 ; L juego_compressed
i_13                            = $AD29 ; L juego_compressed
i_32                            = $AD43 ; L juego_compressed
i_33_i_32                       = $AD46 ; L juego_compressed
i_31                            = $AD58 ; L juego_compressed
i_35                            = $AD6A ; L juego_compressed
i_36_i_35                       = $AD6D ; L juego_compressed
i_34                            = $AD7F ; L juego_compressed
i_38                            = $AD91 ; L juego_compressed
i_39_i_38                       = $AD94 ; L juego_compressed
i_30                            = $ADA6 ; L juego_compressed
i_37                            = $ADA6 ; L juego_compressed
i_41                            = $ADC0 ; L juego_compressed
i_42_i_41                       = $ADC3 ; L juego_compressed
i_44                            = $ADDA ; L juego_compressed
i_45_i_44                       = $ADDD ; L juego_compressed
i_40                            = $ADE9 ; L juego_compressed
i_43                            = $ADE9 ; L juego_compressed
i_47                            = $AE03 ; L juego_compressed
i_48_i_47                       = $AE06 ; L juego_compressed
i_46                            = $AE23 ; L juego_compressed
i_49                            = $AE23 ; L juego_compressed
i_51                            = $AE32 ; L juego_compressed
i_52_i_51                       = $AE35 ; L juego_compressed
i_50                            = $AE47 ; L juego_compressed
i_55                            = $AE71 ; L juego_compressed
i_54                            = $AE8B ; L juego_compressed
i_56                            = $AE8B ; L juego_compressed
i_58                            = $AE9B ; L juego_compressed
i_60                            = $AEB8 ; L juego_compressed
i_57                            = $AECA ; L juego_compressed
i_61                            = $AECA ; L juego_compressed
i_63                            = $AEDA ; L juego_compressed
i_65                            = $AEF7 ; L juego_compressed
i_53                            = $AF09 ; L juego_compressed
i_62                            = $AF09 ; L juego_compressed
i_66                            = $AF09 ; L juego_compressed
i_67                            = $AF23 ; L juego_compressed
i_69                            = $AF48 ; L juego_compressed
i_68                            = $AF5A ; L juego_compressed
i_71                            = $AF7F ; L juego_compressed
i_70                            = $AF91 ; L juego_compressed
i_72                            = $AF91 ; L juego_compressed
i_74                            = $AFB3 ; L juego_compressed
i_77                            = $AFCA ; L juego_compressed
i_78_i_77                       = $AFCD ; L juego_compressed
i_76                            = $AFDF ; L juego_compressed
i_79                            = $AFF9 ; L juego_compressed
i_80                            = $B013 ; L juego_compressed
i_81                            = $B02D ; L juego_compressed
i_82                            = $B047 ; L juego_compressed
i_84                            = $B05F ; L juego_compressed
i_83                            = $B071 ; L juego_compressed
i_86                            = $B08B ; L juego_compressed
i_75                            = $B0A5 ; L juego_compressed
i_87                            = $B0A5 ; L juego_compressed
i_90                            = $B0BD ; L juego_compressed
i_89                            = $B0BF ; L juego_compressed
i_92_i_89                       = $B0C2 ; L juego_compressed
i_88                            = $B0D4 ; L juego_compressed
i_94                            = $B0E3 ; L juego_compressed
i_95_i_94                       = $B0E6 ; L juego_compressed
i_73                            = $B0F8 ; L juego_compressed
i_93                            = $B0F8 ; L juego_compressed
i_98                            = $B122 ; L juego_compressed
i_99                            = $B13C ; L juego_compressed
i_101                           = $B14C ; L juego_compressed
i_100                           = $B15E ; L juego_compressed
i_103                           = $B178 ; L juego_compressed
i_97                            = $B178 ; L juego_compressed
i_105                           = $B19A ; L juego_compressed
i_106                           = $B1B4 ; L juego_compressed
i_104                           = $B1CE ; L juego_compressed
i_107                           = $B1CE ; L juego_compressed
i_109                           = $B1E0 ; L juego_compressed
i_110_i_109                     = $B1E3 ; L juego_compressed
i_108                           = $B206 ; L juego_compressed
i_96                            = $B206 ; L juego_compressed
i_113                           = $B21D ; L juego_compressed
i_114_i_113                     = $B220 ; L juego_compressed
i_112                           = $B225 ; L juego_compressed
i_115                           = $B232 ; L juego_compressed
i_116                           = $B244 ; L juego_compressed
i_118                           = $B25E ; L juego_compressed
i_119_i_118                     = $B261 ; L juego_compressed
i_117                           = $B28A ; L juego_compressed
i_120                           = $B28A ; L juego_compressed
i_122                           = $B2C1 ; L juego_compressed
i_123                           = $B2DE ; L juego_compressed
i_125                           = $B2FF ; L juego_compressed
i_126_i_125                     = $B302 ; L juego_compressed
i_121                           = $B314 ; L juego_compressed
i_124                           = $B314 ; L juego_compressed
i_128                           = $B323 ; L juego_compressed
i_129_i_128                     = $B326 ; L juego_compressed
i_131                           = $B33E ; L juego_compressed
i_132                           = $B341 ; L juego_compressed
i_130                           = $B358 ; L juego_compressed
i_127                           = $B36A ; L juego_compressed
i_133                           = $B36A ; L juego_compressed
i_135                           = $B37A ; L juego_compressed
i_134                           = $B37F ; L juego_compressed
i_138                           = $B38E ; L juego_compressed
i_139_i_138                     = $B391 ; L juego_compressed
i_137                           = $B3A3 ; L juego_compressed
i_141                           = $B3B2 ; L juego_compressed
i_142_i_141                     = $B3B5 ; L juego_compressed
i_140                           = $B3C7 ; L juego_compressed
i_145                           = $B3E7 ; L juego_compressed
i_147                           = $B43A ; L juego_compressed
i_144                           = $B44C ; L juego_compressed
i_148                           = $B44C ; L juego_compressed
i_150                           = $B46E ; L juego_compressed
i_151                           = $B488 ; L juego_compressed
i_143                           = $B49A ; L juego_compressed
i_149                           = $B49A ; L juego_compressed
i_155                           = $B4DB ; L juego_compressed
i_154                           = $B4FF ; L juego_compressed
i_156                           = $B4FF ; L juego_compressed
i_158                           = $B530 ; L juego_compressed
i_160                           = $B54D ; L juego_compressed
i_111                           = $B571 ; L juego_compressed
i_152                           = $B571 ; L juego_compressed
i_153                           = $B571 ; L juego_compressed
i_157                           = $B571 ; L juego_compressed
i_159                           = $B571 ; L juego_compressed
i_162                           = $B5B4 ; L juego_compressed
i_163                           = $B5D6 ; L juego_compressed
i_164                           = $B5D6 ; L juego_compressed
i_166                           = $B5E6 ; L juego_compressed
i_168                           = $B5ED ; L juego_compressed
i_169_i_168                     = $B5F0 ; L juego_compressed
i_161                           = $B602 ; L juego_compressed
i_165                           = $B602 ; L juego_compressed
i_172                           = $B61A ; L juego_compressed
i_174                           = $B634 ; L juego_compressed
i_175                           = $B64E ; L juego_compressed
i_176                           = $B668 ; L juego_compressed
i_170                           = $B682 ; L juego_compressed
i_171                           = $B682 ; L juego_compressed
i_177                           = $B682 ; L juego_compressed
i_180                           = $B6AC ; L juego_compressed
i_182                           = $B6C4 ; L juego_compressed
i_179                           = $B6D6 ; L juego_compressed
i_181                           = $B6D6 ; L juego_compressed
i_185                           = $B6F8 ; L juego_compressed
i_178                           = $B712 ; L juego_compressed
i_184                           = $B712 ; L juego_compressed
i_186                           = $B712 ; L juego_compressed
i_188                           = $B73C ; L juego_compressed
i_189                           = $B73C ; L juego_compressed
i_190                           = $B75C ; L juego_compressed
i_192                           = $B76B ; L juego_compressed
i_193_i_192                     = $B76E ; L juego_compressed
i_191                           = $B780 ; L juego_compressed
i_195                           = $B790 ; L juego_compressed
i_194                           = $B79C ; L juego_compressed
i_198                           = $B7CD ; L juego_compressed
i_197                           = $B7DF ; L juego_compressed
i_200                           = $B801 ; L juego_compressed
i_202                           = $B835 ; L juego_compressed
i_203                           = $B85E ; L juego_compressed
i_204                           = $B870 ; L juego_compressed
i_201                           = $B87C ; L juego_compressed
i_206                           = $B88E ; L juego_compressed
i_207_i_206                     = $B891 ; L juego_compressed
i_205                           = $B8A3 ; L juego_compressed
i_209                           = $B8B5 ; L juego_compressed
i_210_i_209                     = $B8B8 ; L juego_compressed
i_212                           = $B8D9 ; L juego_compressed
i_213_i_212                     = $B8DC ; L juego_compressed
i_211                           = $B8FB ; L juego_compressed
i_199                           = $B90D ; L juego_compressed
i_208                           = $B90D ; L juego_compressed
i_215                           = $B91D ; L juego_compressed
i_217                           = $B924 ; L juego_compressed
i_218_i_217                     = $B927 ; L juego_compressed
i_219                           = $B953 ; L juego_compressed
i_214                           = $B95F ; L juego_compressed
i_221                           = $B96E ; L juego_compressed
i_222_i_221                     = $B971 ; L juego_compressed
i_220                           = $B983 ; L juego_compressed
i_223                           = $B990 ; L juego_compressed
i_226                           = $B9AA ; L juego_compressed
i_227_i_226                     = $B9AD ; L juego_compressed
i_225                           = $B9B8 ; L juego_compressed
i_229                           = $B9CA ; L juego_compressed
i_230_i_229                     = $B9CD ; L juego_compressed
i_232                           = $B9EE ; L juego_compressed
i_233_i_232                     = $B9F1 ; L juego_compressed
i_231                           = $BA10 ; L juego_compressed
i_235                           = $BA31 ; L juego_compressed
i_236_i_235                     = $BA34 ; L juego_compressed
i_234                           = $BA46 ; L juego_compressed
i_238                           = $BA58 ; L juego_compressed
i_239_i_238                     = $BA5B ; L juego_compressed
i_237                           = $BACD ; L juego_compressed
i_240                           = $BACD ; L juego_compressed
i_242                           = $BAE2 ; L juego_compressed
i_243_i_242                     = $BAE5 ; L juego_compressed
i_244                           = $BB12 ; L juego_compressed
i_245                           = $BB3D ; L juego_compressed
i_187                           = $BB4F ; L juego_compressed
i_224                           = $BB4F ; L juego_compressed
i_228                           = $BB4F ; L juego_compressed
i_241                           = $BB4F ; L juego_compressed
i_248                           = $BB79 ; L juego_compressed
i_250                           = $BB99 ; L juego_compressed
i_249                           = $BBAB ; L juego_compressed
i_246                           = $BBC5 ; L juego_compressed
i_247                           = $BBC5 ; L juego_compressed
i_252                           = $BBC5 ; L juego_compressed
i_255                           = $BBF3 ; L juego_compressed
i_257                           = $BC03 ; L juego_compressed
i_253                           = $BC15 ; L juego_compressed
i_254                           = $BC15 ; L juego_compressed
i_256                           = $BC15 ; L juego_compressed
i_261                           = $BC3F ; L juego_compressed
i_262                           = $BC59 ; L juego_compressed
i_263                           = $BC73 ; L juego_compressed
i_259                           = $BC8D ; L juego_compressed
i_260                           = $BC8D ; L juego_compressed
i_264                           = $BC8D ; L juego_compressed
_respuestas_post                = $BC99 ; G juego_compressed
i_265                           = $BCB8 ; L juego_compressed
i_266                           = $BCD6 ; L juego_compressed
i_267                           = $BCF4 ; L juego_compressed
i_269                           = $BD1F ; L juego_compressed
i_270                           = $BD25 ; L juego_compressed
i_268                           = $BD31 ; L juego_compressed
i_271                           = $BD52 ; L juego_compressed
i_272                           = $BD70 ; L juego_compressed
i_273                           = $BD8E ; L juego_compressed
i_274                           = $BDA9 ; L juego_compressed
i_275                           = $BDC4 ; L juego_compressed
i_277                           = $BDD9 ; L juego_compressed
i_278_i_277                     = $BDDC ; L juego_compressed
i_279                           = $BE34 ; L juego_compressed
i_276                           = $BE46 ; L juego_compressed
i_280                           = $BE46 ; L juego_compressed
i_281                           = $BE62 ; L juego_compressed
i_283                           = $BE72 ; L juego_compressed
i_282                           = $BE84 ; L juego_compressed
i_286                           = $BEA4 ; L juego_compressed
i_285                           = $BEB6 ; L juego_compressed
i_288                           = $BED4 ; L juego_compressed
i_289                           = $BEF2 ; L juego_compressed
i_290                           = $BF0C ; L juego_compressed
i_292                           = $BF1C ; L juego_compressed
i_291                           = $BF2E ; L juego_compressed
_proceso1                       = $BF39 ; G juego_compressed
i_294                           = $BF9A ; L juego_compressed
_proceso1_post                  = $BFBA ; G juego_compressed
i_296                           = $BFCF ; L juego_compressed
i_297_i_296                     = $BFD2 ; L juego_compressed
i_295                           = $BFD8 ; L juego_compressed
_proceso2                       = $BFD9 ; G juego_compressed
_main                           = $BFDA ; G juego_compressed
i_298                           = $C05D ; L juego_compressed
i_302                           = $C060 ; L juego_compressed
i_303                           = $C070 ; L juego_compressed
i_304                           = $C0B7 ; L juego_compressed
i_306                           = $C10F ; L juego_compressed
i_305                           = $C112 ; L juego_compressed
i_301                           = $C115 ; L juego_compressed
i_299                           = $C118 ; L juego_compressed
__bss_compiler_head             = $C119 ; G 
__code_compiler_tail            = $C119 ; G 
_fzx                            = $C119 ; G X__libgfx_libgfx
_flags                          = $C11B ; G parser
_playerInput                    = $C21A ; G parser
_playerWord                     = $C23A ; G parser
_gWord_number                   = $C253 ; G parser
_gChar_number                   = $C254 ; G parser
_TextWindow                     = $C255 ; G parser
_GraphWindow                    = $C259 ; G parser
_gNUM_OBJECTS                   = $C25D ; G parser
_gNUM_LOC                       = $C25E ; G parser
_gLAST_OBJECT_NUMBER            = $C25F ; G parser
_gNUM_IMG                       = $C260 ; G parser
_gDONE_FLAG                     = $C261 ; G parser
_gDESCRIBE_LOCATION_FLAG        = $C262 ; G parser
_gIN_RESPONSE                   = $C263 ; G parser
_gSUCCESS                       = $C264 ; G parser
_gDOALL_FLAG                    = $C265 ; G parser
_gPROCESS_IN_DOALL              = $C266 ; G parser
_gCURRENT_PROCESS               = $C267 ; G parser
__bss_compiler_tail             = $C268 ; G 
__rodata_compiler_head          = $C268 ; G 
_symbol_list                    = $C268 ; G parser
i_1                             = $C350 ; L parser
i_1                             = $C5EE ; L juego_compressed
__data_compiler_head            = $F317 ; G 
__rodata_compiler_tail          = $F317 ; G 
_playerPrompt                   = $F317 ; G parser
_gDEBUGGER                      = $F319 ; G parser
_gGRAPHICSON                    = $F31A ; G parser
_gSOUNDSON                      = $F31B ; G parser
_gINTERRUPTDISABLED             = $F31C ; G parser
_gSHOWWARNINGS                  = $F31D ; G parser
_ginEND                         = $F31E ; G parser
_ginQUIT                        = $F31F ; G parser
_gENTRY_FOR_DOALL               = $F320 ; G parser
_verbos_debug_t                 = $F321 ; G parser
_adverbios_t                    = $F348 ; G parser
_preposiciones_t                = $F35D ; G parser
_pronombres_t                   = $F39F ; G parser
_conjunciones_t                 = $F3C0 ; G parser
_imagenes_t                     = $F3D8 ; G juego_compressed
_localidades_t                  = $F400 ; G juego_compressed
_conexiones_t                   = $F45A ; G juego_compressed
_mensajes_t                     = $F4CF ; G juego_compressed
_mensajesSistema_t              = $F5DA ; G juego_compressed
_nombres_t                      = $F6BB ; G juego_compressed
_verbos_t                       = $F814 ; G juego_compressed
_adjetivos_t                    = $F9D3 ; G juego_compressed
_objetos_t                      = $FA18 ; G juego_compressed
_ordenador_topics_t             = $FA7B ; G juego_compressed
_mensajes_ordenador_t           = $FBEF ; G juego_compressed
__code_clib_head                = $FCD0 ; G 
__data_compiler_tail            = $FCD0 ; G 
_utoa                           = $FCD0 ; G utoa
utoa                            = $FCD0 ; G utoa
_utoa_callee                    = $FCDB ; G utoa_callee
utoa_callee                     = $FCDB ; G utoa_callee
asmentry                        = $FCE0 ; L utoa_callee
_itoa_callee                    = $FCF3 ; G itoa_callee
itoa_callee                     = $FCF3 ; G itoa_callee
asmentry                        = $FCF8 ; L itoa_callee
negative                        = $FD0C ; L itoa_callee
libentry                        = $FD17 ; L itoa_callee
notneg                          = $FD17 ; L itoa_callee
loop                            = $FD18 ; L itoa_callee
nowrite0                        = $FD2E ; L itoa_callee
exit0                           = $FD3F ; L itoa_callee
exit1                           = $FD43 ; L itoa_callee
_memset_callee                  = $FD46 ; G memset_callee
memset_callee                   = $FD46 ; G memset_callee
asmentry                        = $FD4A ; L memset_callee
_strncmp_callee                 = $FD5A ; G strncmp_callee
strncmp_callee                  = $FD5A ; G strncmp_callee
asmentry                        = $FD5E ; L strncmp_callee
strncmp1                        = $FD62 ; L strncmp_callee
equal                           = $FD6F ; L strncmp_callee
different                       = $FD73 ; L strncmp_callee
_strrev                         = $FD7A ; G strrev
strrev                          = $FD7A ; G strrev
revlp                           = $FD91 ; L strrev
exit                            = $FD9A ; L strrev
__code_clib_tail                = $FD9C ; G 
__code_crt0_sccz80_head         = $FD9C ; G 
l_case                          = $FD9C ; G l_case
swloop                          = $FD9E ; L l_case
swend                           = $FDB2 ; L l_case
l_deneg                         = $FDB3 ; G l_deneg
l_div_u                         = $FDBB ; G l_div_u
entry                           = $FDBF ; L l_div_u
l_div1                          = $FDC6 ; L l_div_u
l_div2                          = $FDD0 ; L l_div_u
l_eq                            = $FDDA ; G l_eq
l_gint                          = $FDE4 ; G l_gint
l_gintsp                        = $FDE9 ; G l_gintsp
l_gintspsp                      = $FDF1 ; G l_gintspsp
l_glong                         = $FDFA ; G l_glong
l_glongsp                       = $FE04 ; G l_glongsp
l_lneg                          = $FE15 ; G l_lneg
l_mult                          = $FE1E ; G l_mul
l_mult1                         = $FE25 ; L l_mul
l_mult2                         = $FE2C ; L l_mul
l_ne                            = $FE2F ; G l_ne
l_plong                         = $FE3A ; G l_plong
l_sxt                           = $FE46 ; G l_sxt
l_uge                           = $FE4B ; G l_uge
l_compare_result                = $FE57 ; G l_compare_result
l_ugt                           = $FE5D ; G l_ugt
l_ule                           = $FE67 ; G l_ule
l_ult                           = $FE73 ; G l_ult
l_long_and                      = $FE7D ; G l_long_and
l_long_lneg                     = $FE8F ; G l_long_lneg
l_long_lneg1                    = $FE9B ; L l_long_lneg
l_long_or                       = $FE9E ; G l_long_or
l_long_ugt                      = $FEB0 ; G l_long_ugt
l_long_ugt1                     = $FEB7 ; L l_long_ugt
l_long_ucmp                     = $FEB9 ; G l_long_ucmp
l_long_ucmp1                    = $FEDF ; L l_long_ucmp
l_long_xor                      = $FEE8 ; G l_long_xor
__code_crt0_sccz80_tail         = $FEFA ; G 
__tail                          = $FEFA ; G 
