                                      1 ;--------------------------------------------------------
                                      2 ; File Created by SDCC : free open source ANSI-C Compiler
                                      3 ; Version 4.1.0 #12072 (MINGW64)
                                      4 ;--------------------------------------------------------
                                      5 	.module main
                                      6 	.optsdcc -mz80
                                      7 	
                                      8 ;--------------------------------------------------------
                                      9 ; Public variables in this module
                                     10 ;--------------------------------------------------------
                                     11 	.globl _main
                                     12 ;--------------------------------------------------------
                                     13 ; special function registers
                                     14 ;--------------------------------------------------------
                                     15 ;--------------------------------------------------------
                                     16 ; ram data
                                     17 ;--------------------------------------------------------
                                     18 	.area _DATA
                                     19 ;--------------------------------------------------------
                                     20 ; ram data
                                     21 ;--------------------------------------------------------
                                     22 	.area _INITIALIZED
                                     23 ;--------------------------------------------------------
                                     24 ; absolute external ram data
                                     25 ;--------------------------------------------------------
                                     26 	.area _DABS (ABS)
                                     27 ;--------------------------------------------------------
                                     28 ; global & static initialisations
                                     29 ;--------------------------------------------------------
                                     30 	.area _HOME
                                     31 	.area _GSINIT
                                     32 	.area _GSFINAL
                                     33 	.area _GSINIT
                                     34 ;--------------------------------------------------------
                                     35 ; Home
                                     36 ;--------------------------------------------------------
                                     37 	.area _HOME
                                     38 	.area _HOME
                                     39 ;--------------------------------------------------------
                                     40 ; code
                                     41 ;--------------------------------------------------------
                                     42 	.area _CODE
                                     43 ;main.c:3: void main()
                                     44 ;	---------------------------------
                                     45 ; Function main
                                     46 ; ---------------------------------
      000000                         47 _main::
                                     48 ;main.c:11: __endasm;
      000000 3E 00            [ 7]   49 	ld	a, #0
      000002 CD 0E BC         [17]   50 	call	#0xBC0E
                                     51 ;main.c:13: for(nColor = 0; nColor < 255; nColor++)
      000005 0E 00            [ 7]   52 	ld	c, #0x00
      000007                         53 00102$:
                                     54 ;main.c:15: memset(0xC000, nColor, 0x3FFF);
      000007 41               [ 4]   55 	ld	b, c
      000008 C5               [11]   56 	push	bc
      000009 21 00 C0         [10]   57 	ld	hl, #0xc000
      00000C 70               [ 7]   58 	ld	(hl), b
      00000D 5D               [ 4]   59 	ld	e, l
      00000E 54               [ 4]   60 	ld	d, h
      00000F 13               [ 6]   61 	inc	de
      000010 01 FE 3F         [10]   62 	ld	bc, #0x3ffe
      000013 ED B0            [21]   63 	ldir
      000015 C1               [10]   64 	pop	bc
                                     65 ;main.c:13: for(nColor = 0; nColor < 255; nColor++)
      000016 0C               [ 4]   66 	inc	c
      000017 79               [ 4]   67 	ld	a, c
      000018 D6 FF            [ 7]   68 	sub	a, #0xff
      00001A 38 EB            [12]   69 	jr	C, 00102$
                                     70 ;main.c:20: __endasm;
      00001C CD 06 BB         [17]   71 	call	#0xBB06
                                     72 ;main.c:21: }
      00001F C9               [10]   73 	ret
                                     74 	.area _CODE
                                     75 	.area _INITIALIZER
                                     76 	.area _CABS (ABS)
