src/__fzx_char_metrics
src/__fzx_glyph_width
src/__fzx_width_sm
src/_fzx
src/error_onc
src/error_zc
src/fzx_bExtent
src/fzx_bExtent_callee
src/fzx_bPartition
src/fzx_bPartition_callee
src/fzx_bPartitionWW
src/fzx_bPartitionWW_callee
src/fzx_cMetric
src/fzx_cMetric_callee
src/fzx_putc
src/fzx_puts
src/fzx_setat
src/fzx_setat_callee
src/fzx_sExtent
src/fzx_sPartition
src/fzx_sPartition_callee
src/fzx_sPartitionWW
src/fzx_sPartitionWW_callee
src/fzx_write
src/fzx_write_callee
src/zx_pxy2saddr
fonts/__fzxfonts_fontnames
fonts/_fzxfonts_enum_A
fonts/_fzxfonts_enum_B
fonts/_fzxfonts_enum_C
fonts/_fzxfonts_enum_D
fonts/_fzxfonts_enum_E
fonts/_fzxfonts_enum_F
fonts/_fzxfonts_names
fonts/Aribeth/_ff_Aribeth14
fonts/Aribeth/_ff_Aribeth6
fonts/Aribeth/_ff_Aribeth8
fonts/Arkade/_ff_Arkade
fonts/Blackadder/_ff_Blackadder
fonts/Cayeux/_ff_Cayeux
fonts/Cheveron/_ff_Cheveron
fonts/Chloe/_ff_Chloe
fonts/Dutch/_ff_Dutch
fonts/GenevaMono/_ff_GenevaMonoBold
fonts/GenevaMono/_ff_GenevaMonoBoldItalic
fonts/GenevaMono/_ff_GenevaMonoCyrillic
fonts/GenevaMono/_ff_GenevaMonoItalic
fonts/GenevaMono/_ff_GenevaMonoRoman
fonts/GenevaMono/_ff_GenevaMonoSymbol
fonts/Grotesk/_ff_Grotesk
fonts/Hemery/_ff_Hemery
fonts/Hiroshi/_ff_Hiroshi
fonts/Jangeborg/_ff_Jangeborg
fonts/Kaitaia/_ff_Kaitaia
fonts/Klausjahn/_ff_Klausjahn
fonts/Lettera/_ff_Lettera
fonts/Napier/_ff_Napier
fonts/Newbrand/_ff_Newbrand
fonts/OldEnglish/_ff_OldEnglish
fonts/OpenDyslexic/_ff_OpenDyslexic
fonts/Orion/_ff_Orion
fonts/Prefect/_ff_Prefect
fonts/Programmer/_ff_Programmer
fonts/Roundel/_ff_RoundelSans
fonts/Roundel/_ff_RoundelSerif
fonts/Sabon/_ff_Sabon
fonts/Sinclair/_ff_Sinclair
fonts/SoixanteQuatre/_ff_SoixanteQuatre
fonts/Soxz/_ff_Soxz
fonts/SpecDings/_ff_SpecDings
fonts/Swiss/_ff_Swiss
fonts/Trader/_ff_Trader
fonts/Twombly/_ff_Twombly
fonts/Vickers/_ff_Vickers
fonts/Videotex/_ff_Videotex
fonts/Zaibatsu/_ff_Zaibatsu
