ASMHEAD                         = 6351, G: 
ASMSIZE                         = 0794, G: 
ASMTAIL                         = 6AE5, G: 
DEFINED_myzorg                  = 0001, L: zx82_crt0
FONT                            = 0000, L: fzx_putc
MARGIN                          = 0002, L: fzx_putc
P_COL                           = 0004, L: fzx_putc
P_FLAG                          = 0003, L: fzx_putc
SANcar                          = 64AB, L: s68_
SAcalc                          = 648A, L: s68_
SAcar                           = 64AA, L: s68_
SAloop0                         = 6469, L: s68_
SAstart                         = 645E, L: s68_
SMC                             = 66D1, L: fzx_putc
WIDTH1                          = 66FA, L: fzx_putc
Wait_For_Keys_Pressed           = 65A9, L: s68_
_FRAMES                         = 5C78, G: zx82_crt0
_RND_BLOCKSIZE                  = 638C, G: zx82_crt0
__sgoioblk                      = 638E, G: zx82_crt0
_clscreen                       = 6512, G: s68_
_drawGFX                        = 65A7, G: s68_
_drawHline                      = 644D, G: s68_
_drawRectangle                  = 6511, G: s68_
_drawVline                      = 644C, G: s68_
_ff_utz_Handpress               = 675B, G: _ff_utz_Handpress
_fzx                            = 6712, G: _fzx
_main                           = 63A0, G: s68_
_printat                        = 65A8, G: s68_
_prints                         = 642F, G: s68_
_putpixel                       = 644E, G: s68_
_scrollArriba2                  = 6456, G: s68_
_scrollArriba                   = 64AF, G: s68_
_setRAMBank                     = 6437, G: s68_
_std_seed                       = 6383, G: zx82_crt0
_vfprintf                       = 6375, G: zx82_crt0
_waitForanyKey                  = 65A9, G: s68_
_x_scr                          = 6618, G: s68_
_y_scr                          = 6619, G: s68_
asm_fzx_putc                    = 6633, G: fzx_putc
asm_fzx_puts                    = 6620, G: fzx_puts
base_graphics                   = 6381, G: zx82_crt0
bcolum                          = 64C0, L: s68_
blnpix                          = 64BE, L: s68_
call_rom3                       = 6375, G: zx82_crt0
chk_at                          = 6642, L: fzx_putc
chk_char                        = 665B, L: fzx_putc
chk_cr                          = 664B, L: fzx_putc
chk_loop                        = 66F0, L: fzx_putc
cleanup                         = 636A, G: zx82_crt0
cleanup_exit                    = 636B, L: zx82_crt0
coords                          = 637F, G: zx82_crt0
error_onc                       = 671F, G: error_onc
error_zc                        = 671A, G: error_zc
exit                            = 6703, L: fzx_putc
exitcount                       = 6387, G: zx82_crt0
exitsp                          = 6385, G: zx82_crt0
fin                             = 65A5, L: s68_
fzx_putc                        = 6632, G: fzx_putc
fzx_puts                        = 6620, G: fzx_puts
get_col                         = 663D, L: fzx_putc
get_lin                         = 663C, L: fzx_putc
heapblocks                      = 638A, G: zx82_crt0
heaplast                        = 6388, G: zx82_crt0
i_1                             = 65B2, L: s68_
i_3                             = 642B, L: s68_
i_4                             = 642E, L: s68_
i_6                             = 65A6, L: s68_
i_7                             = 6519, L: s68_
i_8                             = 6527, L: s68_
i_9                             = 6568, L: s68_
inicio2                         = 6573, L: s68_
inicio                          = 6532, L: s68_
l_dcal                          = 6374, G: zx82_crt0
l_pint                          = 661A, G: l_pint
loop                            = 6624, L: fzx_puts
main_loop                       = 66CF, L: fzx_putc
myzorg                          = 6351, L: zx82_crt0
narrow_char                     = 6698, L: fzx_putc
newline                         = 6707, L: fzx_putc
no_rotate                       = 66E1, L: fzx_putc
off_screen                      = 66AE, L: fzx_putc
on_screen                       = 66AF, L: fzx_putc
print_char                      = 6667, L: fzx_putc
proxby                          = 64C9, L: s68_
rotate_pixels                   = 66DA, L: fzx_putc
scarde                          = 64E2, L: s68_
scaror                          = 64F4, L: s68_
start1                          = 6370, L: zx82_crt0
start                           = 64B4, L: s68_
start                           = 6351, L: zx82_crt0
sterde                          = 64EE, L: s68_
steror                          = 6504, L: s68_
tercios                         = 64A1, L: s68_
undef_char                      = 6665, L: fzx_putc
x_fine                          = 66B7, L: fzx_putc
zx_pxy2saddr                    = 6725, G: zx_pxy2saddr
zx_saddrpdown                   = 6745, G: zx_saddrpdown


FONT                            = 0000, L: fzx_putc
DEFINED_myzorg                  = 0001, L: zx82_crt0
MARGIN                          = 0002, L: fzx_putc
P_FLAG                          = 0003, L: fzx_putc
P_COL                           = 0004, L: fzx_putc
ASMSIZE                         = 0794, G: 
_FRAMES                         = 5C78, G: zx82_crt0
ASMHEAD                         = 6351, G: 
myzorg                          = 6351, L: zx82_crt0
start                           = 6351, L: zx82_crt0
cleanup                         = 636A, G: zx82_crt0
cleanup_exit                    = 636B, L: zx82_crt0
start1                          = 6370, L: zx82_crt0
l_dcal                          = 6374, G: zx82_crt0
_vfprintf                       = 6375, G: zx82_crt0
call_rom3                       = 6375, G: zx82_crt0
coords                          = 637F, G: zx82_crt0
base_graphics                   = 6381, G: zx82_crt0
_std_seed                       = 6383, G: zx82_crt0
exitsp                          = 6385, G: zx82_crt0
exitcount                       = 6387, G: zx82_crt0
heaplast                        = 6388, G: zx82_crt0
heapblocks                      = 638A, G: zx82_crt0
_RND_BLOCKSIZE                  = 638C, G: zx82_crt0
__sgoioblk                      = 638E, G: zx82_crt0
_main                           = 63A0, G: s68_
i_3                             = 642B, L: s68_
i_4                             = 642E, L: s68_
_prints                         = 642F, G: s68_
_setRAMBank                     = 6437, G: s68_
_drawVline                      = 644C, G: s68_
_drawHline                      = 644D, G: s68_
_putpixel                       = 644E, G: s68_
_scrollArriba2                  = 6456, G: s68_
SAstart                         = 645E, L: s68_
SAloop0                         = 6469, L: s68_
SAcalc                          = 648A, L: s68_
tercios                         = 64A1, L: s68_
SAcar                           = 64AA, L: s68_
SANcar                          = 64AB, L: s68_
_scrollArriba                   = 64AF, G: s68_
start                           = 64B4, L: s68_
blnpix                          = 64BE, L: s68_
bcolum                          = 64C0, L: s68_
proxby                          = 64C9, L: s68_
scarde                          = 64E2, L: s68_
sterde                          = 64EE, L: s68_
scaror                          = 64F4, L: s68_
steror                          = 6504, L: s68_
_drawRectangle                  = 6511, G: s68_
_clscreen                       = 6512, G: s68_
i_7                             = 6519, L: s68_
i_8                             = 6527, L: s68_
inicio                          = 6532, L: s68_
i_9                             = 6568, L: s68_
inicio2                         = 6573, L: s68_
fin                             = 65A5, L: s68_
i_6                             = 65A6, L: s68_
_drawGFX                        = 65A7, G: s68_
_printat                        = 65A8, G: s68_
Wait_For_Keys_Pressed           = 65A9, L: s68_
_waitForanyKey                  = 65A9, G: s68_
i_1                             = 65B2, L: s68_
_x_scr                          = 6618, G: s68_
_y_scr                          = 6619, G: s68_
l_pint                          = 661A, G: l_pint
asm_fzx_puts                    = 6620, G: fzx_puts
fzx_puts                        = 6620, G: fzx_puts
loop                            = 6624, L: fzx_puts
fzx_putc                        = 6632, G: fzx_putc
asm_fzx_putc                    = 6633, G: fzx_putc
get_lin                         = 663C, L: fzx_putc
get_col                         = 663D, L: fzx_putc
chk_at                          = 6642, L: fzx_putc
chk_cr                          = 664B, L: fzx_putc
chk_char                        = 665B, L: fzx_putc
undef_char                      = 6665, L: fzx_putc
print_char                      = 6667, L: fzx_putc
narrow_char                     = 6698, L: fzx_putc
off_screen                      = 66AE, L: fzx_putc
on_screen                       = 66AF, L: fzx_putc
x_fine                          = 66B7, L: fzx_putc
main_loop                       = 66CF, L: fzx_putc
SMC                             = 66D1, L: fzx_putc
rotate_pixels                   = 66DA, L: fzx_putc
no_rotate                       = 66E1, L: fzx_putc
chk_loop                        = 66F0, L: fzx_putc
WIDTH1                          = 66FA, L: fzx_putc
exit                            = 6703, L: fzx_putc
newline                         = 6707, L: fzx_putc
_fzx                            = 6712, G: _fzx
error_zc                        = 671A, G: error_zc
error_onc                       = 671F, G: error_onc
zx_pxy2saddr                    = 6725, G: zx_pxy2saddr
zx_saddrpdown                   = 6745, G: zx_saddrpdown
_ff_utz_Handpress               = 675B, G: _ff_utz_Handpress
ASMTAIL                         = 6AE5, G: 
